Archive member included to satisfy reference by file (symbol)

app/libapp.a(main.c.obj)      (--whole-archive)
zephyr/libzephyr.a(cbprintf_packaged.c.obj)
                              (--whole-archive)
zephyr/libzephyr.a(dec.c.obj)
                              (--whole-archive)
zephyr/libzephyr.a(hex.c.obj)
                              (--whole-archive)
zephyr/libzephyr.a(printk.c.obj)
                              (--whole-archive)
zephyr/libzephyr.a(rb.c.obj)  (--whole-archive)
zephyr/libzephyr.a(sem.c.obj)
                              (--whole-archive)
zephyr/libzephyr.a(thread_entry.c.obj)
                              (--whole-archive)
zephyr/libzephyr.a(timeutil.c.obj)
                              (--whole-archive)
zephyr/libzephyr.a(heap.c.obj)
                              (--whole-archive)
zephyr/libzephyr.a(heap-validate.c.obj)
                              (--whole-archive)
zephyr/libzephyr.a(bitarray.c.obj)
                              (--whole-archive)
zephyr/libzephyr.a(multi_heap.c.obj)
                              (--whole-archive)
zephyr/libzephyr.a(onoff.c.obj)
                              (--whole-archive)
zephyr/libzephyr.a(notify.c.obj)
                              (--whole-archive)
zephyr/libzephyr.a(cbprintf_complete.c.obj)
                              (--whole-archive)
zephyr/libzephyr.a(assert.c.obj)
                              (--whole-archive)
zephyr/libzephyr.a(reboot.c.obj)
                              (--whole-archive)
zephyr/libzephyr.a(configs.c.obj)
                              (--whole-archive)
zephyr/libzephyr.a(mem_attr.c.obj)
                              (--whole-archive)
zephyr/libzephyr.a(tracing_none.c.obj)
                              (--whole-archive)
zephyr/libzephyr.a(flash_map_partition_manager.c.obj)
                              (--whole-archive)
zephyr/arch/common/libarch__common.a(sw_isr_common.c.obj)
                              (--whole-archive)
zephyr/arch/arch/arm/core/libarch__arm__core.a(fatal.c.obj)
                              (--whole-archive)
zephyr/arch/arch/arm/core/libarch__arm__core.a(nmi.c.obj)
                              (--whole-archive)
zephyr/arch/arch/arm/core/libarch__arm__core.a(nmi_on_reset.S.obj)
                              (--whole-archive)
zephyr/arch/arch/arm/core/libarch__arm__core.a(tls.c.obj)
                              (--whole-archive)
zephyr/arch/arch/arm/core/cortex_m/libarch__arm__core__cortex_m.a(exc_exit.S.obj)
                              (--whole-archive)
zephyr/arch/arch/arm/core/cortex_m/libarch__arm__core__cortex_m.a(fault.c.obj)
                              (--whole-archive)
zephyr/arch/arch/arm/core/cortex_m/libarch__arm__core__cortex_m.a(fault_s.S.obj)
                              (--whole-archive)
zephyr/arch/arch/arm/core/cortex_m/libarch__arm__core__cortex_m.a(fpu.c.obj)
                              (--whole-archive)
zephyr/arch/arch/arm/core/cortex_m/libarch__arm__core__cortex_m.a(reset.S.obj)
                              (--whole-archive)
zephyr/arch/arch/arm/core/cortex_m/libarch__arm__core__cortex_m.a(scb.c.obj)
                              (--whole-archive)
zephyr/arch/arch/arm/core/cortex_m/libarch__arm__core__cortex_m.a(thread_abort.c.obj)
                              (--whole-archive)
zephyr/arch/arch/arm/core/cortex_m/libarch__arm__core__cortex_m.a(vector_table.S.obj)
                              (--whole-archive)
zephyr/arch/arch/arm/core/cortex_m/libarch__arm__core__cortex_m.a(swap.c.obj)
                              (--whole-archive)
zephyr/arch/arch/arm/core/cortex_m/libarch__arm__core__cortex_m.a(swap_helper.S.obj)
                              (--whole-archive)
zephyr/arch/arch/arm/core/cortex_m/libarch__arm__core__cortex_m.a(irq_manage.c.obj)
                              (--whole-archive)
zephyr/arch/arch/arm/core/cortex_m/libarch__arm__core__cortex_m.a(prep_c.c.obj)
                              (--whole-archive)
zephyr/arch/arch/arm/core/cortex_m/libarch__arm__core__cortex_m.a(thread.c.obj)
                              (--whole-archive)
zephyr/arch/arch/arm/core/cortex_m/libarch__arm__core__cortex_m.a(cpu_idle.S.obj)
                              (--whole-archive)
zephyr/arch/arch/arm/core/cortex_m/libarch__arm__core__cortex_m.a(irq_init.c.obj)
                              (--whole-archive)
zephyr/arch/arch/arm/core/cortex_m/libarch__arm__core__cortex_m.a(isr_wrapper.S.obj)
                              (--whole-archive)
zephyr/arch/arch/arm/core/cortex_m/libarch__arm__core__cortex_m.a(__aeabi_read_tp.S.obj)
                              (--whole-archive)
zephyr/arch/arch/arm/core/cortex_m/cmse/libarch__arm__core__cortex_m__cmse.a(arm_core_cmse.c.obj)
                              (--whole-archive)
zephyr/arch/arch/arm/core/mpu/libarch__arm__core__mpu.a(arm_core_mpu.c.obj)
                              (--whole-archive)
zephyr/arch/arch/arm/core/mpu/libarch__arm__core__mpu.a(arm_mpu.c.obj)
                              (--whole-archive)
[...]
Memory Configuration

Name             Origin             Length             Attributes
FLASH            0x0000000000008000 0x00000000000f8000 xr
RAM              0x0000000020008000 0x0000000000068000 xw
IDT_LIST         0x00000000ffff7fff 0x0000000000008000 xw
*default*        0x0000000000000000 0xffffffffffffffff

Linker script and memory map

                0x000000000000bf90                vfprintf = __l_vfprintf
                0x0000000000000000                vfscanf = __l_vfscanf
LOAD zephyr/CMakeFiles/zephyr_pre0.dir/misc/empty_file.c.obj
LOAD zephyr/CMakeFiles/offsets.dir/./arch/arm/core/offsets/offsets.c.obj
LOAD tfm/api_ns/interface/lib/s_veneers.o
LOAD app/libapp.a
LOAD zephyr/libzephyr.a
LOAD zephyr/arch/common/libarch__common.a
LOAD zephyr/arch/arch/arm/core/libarch__arm__core.a
LOAD zephyr/arch/arch/arm/core/cortex_m/libarch__arm__core__cortex_m.a
LOAD zephyr/arch/arch/arm/core/cortex_m/cmse/libarch__arm__core__cortex_m__cmse.a
LOAD zephyr/arch/arch/arm/core/mpu/libarch__arm__core__mpu.a
LOAD zephyr/lib/libc/picolibc/liblib__libc__picolibc.a
LOAD zephyr/lib/libc/common/liblib__libc__common.a
LOAD zephyr/soc/soc/arm/nordic_nrf/libsoc__arm__nordic_nrf.a
LOAD zephyr/subsys/random/libsubsys__random.a
LOAD zephyr/drivers/clock_control/libdrivers__clock_control.a
LOAD zephyr/drivers/console/libdrivers__console.a
LOAD zephyr/drivers/entropy/libdrivers__entropy.a
LOAD zephyr/drivers/gpio/libdrivers__gpio.a
LOAD zephyr/drivers/pinctrl/libdrivers__pinctrl.a
LOAD zephyr/drivers/serial/libdrivers__serial.a
LOAD zephyr/drivers/timer/libdrivers__timer.a
LOAD modules/nrf/lib/fatal_error/lib..__nrf__lib__fatal_error.a
LOAD modules/nrf/subsys/nrf_security/src/zephyr/libmbedtls_zephyr.a
LOAD modules/nrf/modules/trusted-firmware-m/lib..__nrf__modules__trusted-firmware-m.a
LOAD modules/nrf/modules/trusted-firmware-m/libtfm_api_nrf.a
LOAD modules/trusted-firmware-m/libtfm_api.a
LOAD modules/hal_nordic/nrfx/libmodules__hal_nordic__nrfx.a
LOAD zephyr/kernel/libkernel.a
LOAD c:/ncs/toolchains/cf2149caf2/opt/zephyr-sdk/arm-zephyr-eabi/bin/../lib/gcc/arm-zephyr-eabi/12.2.0/thumb/v8-m.main/nofp\libgcc.a
LOAD zephyr/arch/common/libisr_tables.a
LOAD modules/nrf/subsys/nrf_security/src/libmbedcrypto.a
LOAD C:/ncs/v2.6.1/nrfxlib/crypto/nrf_oberon/lib/cortex-m33/soft-float/liboberon_mbedtls_3.0.14.a
LOAD modules/nrf/subsys/nrf_security/src/libmbedcrypto_base.a
LOAD C:/ncs/v2.6.1/nrfxlib/crypto/nrf_oberon/lib/cortex-m33/soft-float/liboberon_3.0.14.a
LOAD c:\ncs\toolchains\cf2149caf2\opt\zephyr-sdk\arm-zephyr-eabi\bin\../lib/gcc/../../picolibc/arm-zephyr-eabi/lib/thumb/v8-m.main/nofp\libc.a
LOAD c:/ncs/toolchains/cf2149caf2/opt/zephyr-sdk/arm-zephyr-eabi/bin/../lib/gcc/arm-zephyr-eabi/12.2.0/thumb/v8-m.main/nofp\libgcc.a
                0x0000000000000020                _region_min_align = 0x20

.rel.plt        0x0000000000008000        0x0
 *(SORT_BY_ALIGNMENT(.rel.plt))
                [!provide]                        PROVIDE (__rel_iplt_start = .)
 *(SORT_BY_ALIGNMENT(.rel.iplt))
 .rel.iplt      0x0000000000008000        0x0 app/libapp.a(main.c.obj)
                [!provide]                        PROVIDE (__rel_iplt_end = .)

.rela.plt       0x0000000000000000        0x0
 *(SORT_BY_ALIGNMENT(.rela.plt))
                [!provide]                        PROVIDE (__rela_iplt_start = .)
 *(SORT_BY_ALIGNMENT(.rela.iplt))
                [!provide]                        PROVIDE (__rela_iplt_end = .)

.rel.dyn
 *(SORT_BY_ALIGNMENT(.rel.*))

.rela.dyn
 *(SORT_BY_ALIGNMENT(.rela.*))

/DISCARD/
 *(SORT_BY_ALIGNMENT(.plt))

/DISCARD/
 *(SORT_BY_ALIGNMENT(.iplt))
                0x0000000000008000                __rom_region_start = 0x8000

rom_start       0x0000000000008000      0x154
                0x0000000000008000                __rom_start_address = .
 FILL mask 0x00
                0x0000000000008000                . = (. + (0x0 - (. - __rom_start_address)))
                0x0000000000008000                . = ALIGN (0x4)
                0x0000000000008000                . = ALIGN (0x80)
                0x0000000000008000                . = ALIGN (0x200)
                0x0000000000008000                _vector_start = .
 *(SORT_BY_ALIGNMENT(.exc_vector_table))
 *(SORT_BY_ALIGNMENT(.exc_vector_table.*))
 .exc_vector_table._vector_table_section
                0x0000000000008000       0x40 zephyr/arch/arch/arm/core/cortex_m/libarch__arm__core__cortex_m.a(vector_table.S.obj)
                0x0000000000008000                _vector_table
 *(SORT_BY_ALIGNMENT(.vectors))
                0x0000000000008154                _vector_end = .
                0x0000000000008040                . = ALIGN (0x4)
 *(SORT_BY_ALIGNMENT(.gnu.linkonce.irq_vector_table*))
 .gnu.linkonce.irq_vector_table
                0x0000000000008040      0x114 zephyr/arch/common/libisr_tables.a(isr_tables.c.obj)
                0x0000000000008040                _irq_vector_table
                0x0000000000008154                _vector_end = .

text            0x0000000000008154     0x4f68
                0x0000000000008154                __text_region_start = .
 *(SORT_BY_ALIGNMENT(.text))
 .text          0x0000000000008154       0x30 c:/ncs/toolchains/cf2149caf2/opt/zephyr-sdk/arm-zephyr-eabi/bin/../lib/gcc/arm-zephyr-eabi/12.2.0/thumb/v8-m.main/nofp\libgcc.a(_aeabi_uldivmod.o)
                0x0000000000008154                __aeabi_uldivmod
 .text          0x0000000000008184        0x4 c:/ncs/toolchains/cf2149caf2/opt/zephyr-sdk/arm-zephyr-eabi/bin/../lib/gcc/arm-zephyr-eabi/12.2.0/thumb/v8-m.main/nofp\libgcc.a(_dvmd_tls.o)
                0x0000000000008184                __aeabi_idiv0
                0x0000000000008184                __aeabi_ldiv0
 .text          0x0000000000008188      0x29c c:/ncs/toolchains/cf2149caf2/opt/zephyr-sdk/arm-zephyr-eabi/bin/../lib/gcc/arm-zephyr-eabi/12.2.0/thumb/v8-m.main/nofp\libgcc.a(_udivmoddi4.o)
                0x0000000000008188                __udivmoddi4
 *(SORT_BY_ALIGNMENT(.text.*))
 .text.get_access
                0x0000000000008424       0x30 app/libapp.a(main.c.obj)
                0x0000000000008424                get_access
 .text.consumer
                0x0000000000008454       0x24 app/libapp.a(main.c.obj)
                0x0000000000008454                consumer
 .text.release_access
                0x0000000000008478       0x28 app/libapp.a(main.c.obj)
                0x0000000000008478                release_access
 .text.producer
                0x00000000000084a0       0x28 app/libapp.a(main.c.obj)
                0x00000000000084a0                producer
 .text.char_out
                0x00000000000084c8        0xc zephyr/libzephyr.a(printk.c.obj)
 .text.__printk_hook_install
                0x00000000000084d4        0xc zephyr/libzephyr.a(printk.c.obj)
                0x00000000000084d4                __printk_hook_install
 .text.vprintk  0x00000000000084e0       0x30 zephyr/libzephyr.a(printk.c.obj)
                0x00000000000084e0                vprintk
 .text.z_thread_entry
                0x0000000000008510       0x34 zephyr/libzephyr.a(thread_entry.c.obj)
                0x0000000000008510                z_thread_entry
 .text.process_event
                0x0000000000008544      0x21c zephyr/libzephyr.a(onoff.c.obj)
 .text.mem_attr_get_regions
                0x0000000000008760        0xc zephyr/libzephyr.a(mem_attr.c.obj)
                0x0000000000008760                mem_attr_get_regions
 .text.z_SysNmiOnReset
                0x000000000000876c        0x8 zephyr/arch/arch/arm/core/libarch__arm__core.a(nmi_on_reset.S.obj)
                0x000000000000876c                z_SysNmiOnReset
 .text.arch_tls_stack_setup
                0x0000000000008774       0x5c zephyr/arch/arch/arm/core/libarch__arm__core.a(tls.c.obj)
                0x0000000000008774                arch_tls_stack_setup
 .text._HandlerModeExit
                0x00000000000087d0       0x1c zephyr/arch/arch/arm/core/cortex_m/libarch__arm__core__cortex_m.a(exc_exit.S.obj)
                0x00000000000087d0                z_arm_int_exit
                0x00000000000087d0                z_arm_exc_exit
 .text.usage_fault.constprop.0
                0x00000000000087ec       0x5c zephyr/arch/arch/arm/core/cortex_m/libarch__arm__core__cortex_m.a(fault.c.obj)
 .text.bus_fault.constprop.0
                0x0000000000008848       0x6c zephyr/arch/arch/arm/core/cortex_m/libarch__arm__core__cortex_m.a(fault.c.obj)
 .text.mem_manage_fault.constprop.0
                0x00000000000088b4       0x78 zephyr/arch/arch/arm/core/cortex_m/libarch__arm__core__cortex_m.a(fault.c.obj)
 .text.z_arm_fault
                0x000000000000892c      0x130 zephyr/arch/arch/arm/core/cortex_m/libarch__arm__core__cortex_m.a(fault.c.obj)
                0x000000000000892c                z_arm_fault
 .text.z_arm_fault_init
                0x0000000000008a5c       0x18 zephyr/arch/arch/arm/core/cortex_m/libarch__arm__core__cortex_m.a(fault.c.obj)
                0x0000000000008a5c                z_arm_fault_init
 .text.__fault  0x0000000000008a74       0x14 zephyr/arch/arch/arm/core/cortex_m/libarch__arm__core__cortex_m.a(fault_s.S.obj)
                0x0000000000008a74                z_arm_usage_fault
                0x0000000000008a74                z_arm_mpu_fault
                0x0000000000008a74                z_arm_exc_spurious
                0x0000000000008a74                z_arm_debug_monitor
                0x0000000000008a74                z_arm_hard_fault
                0x0000000000008a74                z_arm_bus_fault
 .text._reset_section
                0x0000000000008a88       0x60 zephyr/arch/arch/arm/core/cortex_m/libarch__arm__core__cortex_m.a(reset.S.obj)
                0x0000000000008a88                __start
                0x0000000000008a88                z_arm_reset
 .text.sys_arch_reboot
                0x0000000000008ae8       0x24 zephyr/arch/arch/arm/core/cortex_m/libarch__arm__core__cortex_m.a(scb.c.obj)
                0x0000000000008ae8                sys_arch_reboot
 .text.z_arm_clear_arm_mpu_config
                0x0000000000008b0c       0x24 zephyr/arch/arch/arm/core/cortex_m/libarch__arm__core__cortex_m.a(scb.c.obj)
                0x0000000000008b0c                z_arm_clear_arm_mpu_config
 .text.z_arm_init_arch_hw_at_boot
                0x0000000000008b30       0x4c zephyr/arch/arch/arm/core/cortex_m/libarch__arm__core__cortex_m.a(scb.c.obj)
                0x0000000000008b30                z_arm_init_arch_hw_at_boot
 .text.z_impl_k_thread_abort
                0x0000000000008b7c       0x2c zephyr/arch/arch/arm/core/cortex_m/libarch__arm__core__cortex_m.a(thread_abort.c.obj)
                0x0000000000008b7c                z_impl_k_thread_abort
 .text.arch_swap
                0x0000000000008ba8       0x30 zephyr/arch/arch/arm/core/cortex_m/libarch__arm__core__cortex_m.a(swap.c.obj)
                0x0000000000008ba8                arch_swap
 .text.z_arm_pendsv
                0x0000000000008bd8       0x70 zephyr/arch/arch/arm/core/cortex_m/libarch__arm__core__cortex_m.a(swap_helper.S.obj)
                0x0000000000008bd8                z_arm_pendsv
 .text.z_arm_svc
                0x0000000000008c48       0x20 zephyr/arch/arch/arm/core/cortex_m/libarch__arm__core__cortex_m.a(swap_helper.S.obj)
                0x0000000000008c48                z_arm_svc
 .text.arch_irq_enable
                0x0000000000008c68       0x1c zephyr/arch/arch/arm/core/cortex_m/libarch__arm__core__cortex_m.a(irq_manage.c.obj)
                0x0000000000008c68                arch_irq_enable
 .text.arch_irq_is_enabled
                0x0000000000008c84       0x1c zephyr/arch/arch/arm/core/cortex_m/libarch__arm__core__cortex_m.a(irq_manage.c.obj)
                0x0000000000008c84                arch_irq_is_enabled
 .text.z_arm_irq_priority_set
                0x0000000000008ca0       0x2c zephyr/arch/arch/arm/core/cortex_m/libarch__arm__core__cortex_m.a(irq_manage.c.obj)
                0x0000000000008ca0                z_arm_irq_priority_set
 .text.z_arm_prep_c
                0x0000000000008ccc       0x38 zephyr/arch/arch/arm/core/cortex_m/libarch__arm__core__cortex_m.a(prep_c.c.obj)
                0x0000000000008ccc                z_arm_prep_c
 .text.arch_new_thread
                0x0000000000008d04       0x3c zephyr/arch/arch/arm/core/cortex_m/libarch__arm__core__cortex_m.a(thread.c.obj)
                0x0000000000008d04                arch_new_thread
 .text.arch_switch_to_main_thread
                0x0000000000008d40       0x34 zephyr/arch/arch/arm/core/cortex_m/libarch__arm__core__cortex_m.a(thread.c.obj)
                0x0000000000008d40                arch_switch_to_main_thread
 .text.z_arm_cpu_idle_init
                0x0000000000008d74        0xc zephyr/arch/arch/arm/core/cortex_m/libarch__arm__core__cortex_m.a(cpu_idle.S.obj)
                0x0000000000008d74                z_arm_cpu_idle_init
 .text.arch_cpu_idle
                0x0000000000008d80       0x38 zephyr/arch/arch/arm/core/cortex_m/libarch__arm__core__cortex_m.a(cpu_idle.S.obj)
                0x0000000000008d80                arch_cpu_idle
 .text.arch_cpu_atomic_idle
                0x0000000000008db8       0x34 zephyr/arch/arch/arm/core/cortex_m/libarch__arm__core__cortex_m.a(cpu_idle.S.obj)
                0x0000000000008db8                arch_cpu_atomic_idle
 .text.z_arm_interrupt_init
                0x0000000000008dec       0x18 zephyr/arch/arch/arm/core/cortex_m/libarch__arm__core__cortex_m.a(irq_init.c.obj)
                0x0000000000008dec                z_arm_interrupt_init
 .text._isr_wrapper
                0x0000000000008e04       0x28 zephyr/arch/arch/arm/core/cortex_m/libarch__arm__core__cortex_m.a(isr_wrapper.S.obj)
                0x0000000000008e04                _isr_wrapper
 .text.z_arm_configure_static_mpu_regions
                0x0000000000008e2c       0x38 zephyr/arch/arch/arm/core/mpu/libarch__arm__core__mpu.a(arm_core_mpu.c.obj)
                0x0000000000008e2c                z_arm_configure_static_mpu_regions
 .text.region_init
                0x0000000000008e64       0x34 zephyr/arch/arch/arm/core/mpu/libarch__arm__core__mpu.a(arm_mpu.c.obj)
 .text.mpu_configure_regions_and_partition.constprop.0
                0x0000000000008e98      0x14c zephyr/arch/arch/arm/core/mpu/libarch__arm__core__mpu.a(arm_mpu.c.obj)
 .text.arm_core_mpu_enable
                0x0000000000008fe4       0x18 zephyr/arch/arch/arm/core/mpu/libarch__arm__core__mpu.a(arm_mpu.c.obj)
                0x0000000000008fe4                arm_core_mpu_enable
 .text.arm_core_mpu_disable
                0x0000000000008ffc       0x14 zephyr/arch/arch/arm/core/mpu/libarch__arm__core__mpu.a(arm_mpu.c.obj)
                0x0000000000008ffc                arm_core_mpu_disable
 .text.arm_core_mpu_configure_static_mpu_regions
                0x0000000000009010       0x14 zephyr/arch/arch/arm/core/mpu/libarch__arm__core__mpu.a(arm_mpu.c.obj)
                0x0000000000009010                arm_core_mpu_configure_static_mpu_regions
 .text.arm_core_mpu_mark_areas_for_dynamic_regions
                0x0000000000009024       0xb8 zephyr/arch/arch/arm/core/mpu/libarch__arm__core__mpu.a(arm_mpu.c.obj)
                0x0000000000009024                arm_core_mpu_mark_areas_for_dynamic_regions
 .text.z_arm_mpu_init
                0x00000000000090dc       0xf8 zephyr/arch/arch/arm/core/mpu/libarch__arm__core__mpu.a(arm_mpu.c.obj)
                0x00000000000090dc                z_arm_mpu_init
 .text.z_impl_zephyr_fputc
                0x00000000000091d4       0x10 zephyr/lib/libc/picolibc/liblib__libc__picolibc.a(libc-hooks.c.obj)
                0x00000000000091d4                z_impl_zephyr_fputc
 .text.__stdout_hook_install
                0x00000000000091e4       0x18 zephyr/lib/libc/picolibc/liblib__libc__picolibc.a(libc-hooks.c.obj)
                0x00000000000091e4                __stdout_hook_install
 .text.malloc_prepare
                0x00000000000091fc       0x24 zephyr/lib/libc/common/liblib__libc__common.a(malloc.c.obj)
 .text.rtc_pretick_init
                0x0000000000009220       0x60 zephyr/soc/soc/arm/nordic_nrf/libsoc__arm__nordic_nrf.a(soc.c.obj)
 .text.z_arm_on_enter_cpu_idle
                0x0000000000009280       0x68 zephyr/soc/soc/arm/nordic_nrf/libsoc__arm__nordic_nrf.a(soc.c.obj)
                0x0000000000009280                z_arm_on_enter_cpu_idle
 .text.arch_busy_wait
                0x00000000000092e8       0x24 zephyr/soc/soc/arm/nordic_nrf/libsoc__arm__nordic_nrf.a(soc.c.obj)
                0x00000000000092e8                arch_busy_wait
 .text.z_arm_platform_init
                0x000000000000930c        0x4 zephyr/soc/soc/arm/nordic_nrf/libsoc__arm__nordic_nrf.a(soc_nrf_common.S.obj)
                0x000000000000930c                z_arm_platform_init
 .text.z_impl_sys_rand32_get
                0x0000000000009310       0x28 zephyr/subsys/random/libsubsys__random.a(rand32_entropy_device.c.obj)
                0x0000000000009310                z_impl_sys_rand32_get
 .text.onoff_stop
                0x0000000000009338       0x30 zephyr/drivers/clock_control/libdrivers__clock_control.a(clock_control_nrf.c.obj)
 .text.onoff_start
                0x0000000000009368       0x44 zephyr/drivers/clock_control/libdrivers__clock_control.a(clock_control_nrf.c.obj)
 .text.clk_init
                0x00000000000093ac       0x64 zephyr/drivers/clock_control/libdrivers__clock_control.a(clock_control_nrf.c.obj)
 .text.clkstarted_handle.constprop.0
                0x0000000000009410       0x34 zephyr/drivers/clock_control/libdrivers__clock_control.a(clock_control_nrf.c.obj)
 .text.clock_event_handler
                0x0000000000009444       0x30 zephyr/drivers/clock_control/libdrivers__clock_control.a(clock_control_nrf.c.obj)
 .text.generic_hfclk_start
                0x0000000000009474       0x64 zephyr/drivers/clock_control/libdrivers__clock_control.a(clock_control_nrf.c.obj)
 .text.api_blocking_start
                0x00000000000094d8       0x34 zephyr/drivers/clock_control/libdrivers__clock_control.a(clock_control_nrf.c.obj)
 .text.generic_hfclk_stop
                0x000000000000950c       0x34 zephyr/drivers/clock_control/libdrivers__clock_control.a(clock_control_nrf.c.obj)
 .text.z_nrf_clock_control_lf_on
                0x0000000000009540       0xf8 zephyr/drivers/clock_control/libdrivers__clock_control.a(clock_control_nrf.c.obj)
                0x0000000000009540                z_nrf_clock_control_lf_on
 .text.uart_console_init
                0x0000000000009638       0x28 zephyr/drivers/console/libdrivers__console.a(uart_console.c.obj)
 .text.console_out
                0x0000000000009660       0x28 zephyr/drivers/console/libdrivers__console.a(uart_console.c.obj)
 .text.gpio_nrfx_pin_interrupt_configure
                0x0000000000009688      0x100 zephyr/drivers/gpio/libdrivers__gpio.a(gpio_nrfx.c.obj)
 .text.gpio_nrfx_init
                0x0000000000009788       0x48 zephyr/drivers/gpio/libdrivers__gpio.a(gpio_nrfx.c.obj)
 .text.nrfx_gpio_handler
                0x00000000000097d0       0x4c zephyr/drivers/gpio/libdrivers__gpio.a(gpio_nrfx.c.obj)
 .text.gpio_nrfx_pin_configure
                0x000000000000981c      0x18c zephyr/drivers/gpio/libdrivers__gpio.a(gpio_nrfx.c.obj)
 .text.nrf_gpio_pin_port_decode
                0x00000000000099a8       0x24 zephyr/drivers/pinctrl/libdrivers__pinctrl.a(pinctrl_nrf.c.obj)
 .text.pinctrl_configure_pins
                0x00000000000099cc      0x1a0 zephyr/drivers/pinctrl/libdrivers__pinctrl.a(pinctrl_nrf.c.obj)
                0x00000000000099cc                pinctrl_configure_pins
 .text.uarte_0_init
                0x0000000000009b6c      0x274 zephyr/drivers/serial/libdrivers__serial.a(uart_nrfx_uarte.c.obj)
 .text.uarte_nrfx_poll_out
                0x0000000000009de0       0xcc zephyr/drivers/serial/libdrivers__serial.a(uart_nrfx_uarte.c.obj)
 .text.compare_int_lock
                0x0000000000009eac       0x40 zephyr/drivers/timer/libdrivers__timer.a(nrf_rtc_timer.c.obj)
 .text.sys_clock_timeout_handler
                0x0000000000009eec       0x48 zephyr/drivers/timer/libdrivers__timer.a(nrf_rtc_timer.c.obj)
 .text.compare_int_unlock
                0x0000000000009f34       0x4c zephyr/drivers/timer/libdrivers__timer.a(nrf_rtc_timer.c.obj)
 .text.z_nrf_rtc_timer_read
                0x0000000000009f80       0x44 zephyr/drivers/timer/libdrivers__timer.a(nrf_rtc_timer.c.obj)
                0x0000000000009f80                z_nrf_rtc_timer_read
 .text.compare_set
                0x0000000000009fc4      0x124 zephyr/drivers/timer/libdrivers__timer.a(nrf_rtc_timer.c.obj)
 .text.sys_clock_driver_init
                0x000000000000a0e8       0x90 zephyr/drivers/timer/libdrivers__timer.a(nrf_rtc_timer.c.obj)
 .text.rtc_nrf_isr
                0x000000000000a178       0xd0 zephyr/drivers/timer/libdrivers__timer.a(nrf_rtc_timer.c.obj)
                0x000000000000a178                rtc_nrf_isr
 .text.sys_clock_set_timeout
                0x000000000000a248       0x5c zephyr/drivers/timer/libdrivers__timer.a(nrf_rtc_timer.c.obj)
                0x000000000000a248                sys_clock_set_timeout
 .text.sys_clock_elapsed
                0x000000000000a2a4       0x14 zephyr/drivers/timer/libdrivers__timer.a(nrf_rtc_timer.c.obj)
                0x000000000000a2a4                sys_clock_elapsed
 .text.ns_fault_init
                0x000000000000a2b8       0x10 modules/nrf/modules/trusted-firmware-m/lib..__nrf__modules__trusted-firmware-m.a(fault.c.obj)
 .text.arm_fault
                0x000000000000a2c8       0xbc modules/nrf/modules/trusted-firmware-m/lib..__nrf__modules__trusted-firmware-m.a(fault.c.obj)
                0x000000000000a2c8                arm_fault
 .text.tfm_ns_fault_handler_callback
                0x000000000000a384       0x48 modules/nrf/modules/trusted-firmware-m/lib..__nrf__modules__trusted-firmware-m.a(fault.c.obj)
                0x000000000000a384                tfm_ns_fault_handler_callback
 .text.tfm_ns_interface_dispatch
                0x000000000000a3cc       0x68 modules/trusted-firmware-m/libtfm_api.a(interface.c.obj)
                0x000000000000a3cc                tfm_ns_interface_dispatch
 .text.tfm_platform_ioctl
                0x000000000000a434       0x4c modules/trusted-firmware-m/libtfm_api.a(tfm_platform_api.c.obj)
                0x000000000000a434                tfm_platform_ioctl
 .text.psa_generate_random
                0x000000000000a480       0x40 modules/trusted-firmware-m/libtfm_api.a(tfm_crypto_api.c.obj)
                0x000000000000a480                psa_generate_random
 .text.psa_call
                0x000000000000a4c0       0x34 modules/trusted-firmware-m/libtfm_api.a(tfm_tz_psa_ns_api.c.obj)
                0x000000000000a4c0                psa_call
 .text.nrfx_flag32_alloc
                0x000000000000a4f4       0x40 modules/hal_nordic/nrfx/libmodules__hal_nordic__nrfx.a(nrfx_flag32_allocator.c.obj)
                0x000000000000a4f4                nrfx_flag32_alloc
 .text.nrfx_flag32_free
                0x000000000000a534       0x38 modules/hal_nordic/nrfx/libmodules__hal_nordic__nrfx.a(nrfx_flag32_allocator.c.obj)
                0x000000000000a534                nrfx_flag32_free
 .text.nrfx_gppi_channels_enable
                0x000000000000a56c        0xc modules/hal_nordic/nrfx/libmodules__hal_nordic__nrfx.a(nrfx_gppi_dppi.c.obj)
                0x000000000000a56c                nrfx_gppi_channels_enable
 .text.clock_stop
                0x000000000000a578      0x158 modules/hal_nordic/nrfx/libmodules__hal_nordic__nrfx.a(nrfx_clock.c.obj)
 .text.nrfx_clock_init
                0x000000000000a6d0       0x20 modules/hal_nordic/nrfx/libmodules__hal_nordic__nrfx.a(nrfx_clock.c.obj)
                0x000000000000a6d0                nrfx_clock_init
 .text.nrfx_clock_enable
                0x000000000000a6f0       0x30 modules/hal_nordic/nrfx/libmodules__hal_nordic__nrfx.a(nrfx_clock.c.obj)
                0x000000000000a6f0                nrfx_clock_enable
 .text.nrfx_clock_start
                0x000000000000a720       0xd8 modules/hal_nordic/nrfx/libmodules__hal_nordic__nrfx.a(nrfx_clock.c.obj)
                0x000000000000a720                nrfx_clock_start
 .text.nrfx_power_clock_irq_handler
                0x000000000000a7f8       0xac modules/hal_nordic/nrfx/libmodules__hal_nordic__nrfx.a(nrfx_clock.c.obj)
                0x000000000000a7f8                nrfx_power_clock_irq_handler
 .text.nrfx_dppi_channel_alloc
                0x000000000000a8a4        0xc modules/hal_nordic/nrfx/libmodules__hal_nordic__nrfx.a(nrfx_dppi.c.obj)
                0x000000000000a8a4                nrfx_dppi_channel_alloc
 .text.nrf_gpio_pin_port_decode
                0x000000000000a8b0       0x24 modules/hal_nordic/nrfx/libmodules__hal_nordic__nrfx.a(nrfx_gpiote.c.obj)
 .text.get_pin_idx
                0x000000000000a8d4       0x14 modules/hal_nordic/nrfx/libmodules__hal_nordic__nrfx.a(nrfx_gpiote.c.obj)
 .text.release_handler
                0x000000000000a8e8       0x70 modules/hal_nordic/nrfx/libmodules__hal_nordic__nrfx.a(nrfx_gpiote.c.obj)
 .text.latch_pending_read_and_check
                0x000000000000a958       0x3c modules/hal_nordic/nrfx/libmodules__hal_nordic__nrfx.a(nrfx_gpiote.c.obj)
 .text.pin_te_get.isra.0
                0x000000000000a994       0x20 modules/hal_nordic/nrfx/libmodules__hal_nordic__nrfx.a(nrfx_gpiote.c.obj)
 .text.pin_is_output.isra.0
                0x000000000000a9b4       0x24 modules/hal_nordic/nrfx/libmodules__hal_nordic__nrfx.a(nrfx_gpiote.c.obj)
 .text.pin_in_use_by_te.isra.0
                0x000000000000a9d8       0x24 modules/hal_nordic/nrfx/libmodules__hal_nordic__nrfx.a(nrfx_gpiote.c.obj)
 .text.__nrfy_internal_gpiote_events_process.constprop.0
                0x000000000000a9fc       0x5c modules/hal_nordic/nrfx/libmodules__hal_nordic__nrfx.a(nrfx_gpiote.c.obj)
 .text.irq_handler.constprop.0
                0x000000000000aa58      0x1a8 modules/hal_nordic/nrfx/libmodules__hal_nordic__nrfx.a(nrfx_gpiote.c.obj)
 .text.pin_uninit
                0x000000000000ac00       0xa4 modules/hal_nordic/nrfx/libmodules__hal_nordic__nrfx.a(nrfx_gpiote.c.obj)
 .text.nrfx_gpiote_input_configure
                0x000000000000aca4      0x1ec modules/hal_nordic/nrfx/libmodules__hal_nordic__nrfx.a(nrfx_gpiote.c.obj)
                0x000000000000aca4                nrfx_gpiote_input_configure
 .text.nrfx_gpiote_output_configure
                0x000000000000ae90      0x138 modules/hal_nordic/nrfx/libmodules__hal_nordic__nrfx.a(nrfx_gpiote.c.obj)
                0x000000000000ae90                nrfx_gpiote_output_configure
 .text.nrfx_gpiote_global_callback_set
                0x000000000000afc8       0x1c modules/hal_nordic/nrfx/libmodules__hal_nordic__nrfx.a(nrfx_gpiote.c.obj)
                0x000000000000afc8                nrfx_gpiote_global_callback_set
 .text.nrfx_gpiote_channel_get
                0x000000000000afe4       0x3c modules/hal_nordic/nrfx/libmodules__hal_nordic__nrfx.a(nrfx_gpiote.c.obj)
                0x000000000000afe4                nrfx_gpiote_channel_get
 .text.nrfx_gpiote_init
                0x000000000000b020       0x80 modules/hal_nordic/nrfx/libmodules__hal_nordic__nrfx.a(nrfx_gpiote.c.obj)
                0x000000000000b020                nrfx_gpiote_init
 .text.nrfx_gpiote_init_check
                0x000000000000b0a0       0x1c modules/hal_nordic/nrfx/libmodules__hal_nordic__nrfx.a(nrfx_gpiote.c.obj)
                0x000000000000b0a0                nrfx_gpiote_init_check
 .text.nrfx_gpiote_channel_free
                0x000000000000b0bc       0x18 modules/hal_nordic/nrfx/libmodules__hal_nordic__nrfx.a(nrfx_gpiote.c.obj)
                0x000000000000b0bc                nrfx_gpiote_channel_free
 .text.nrfx_gpiote_channel_alloc
                0x000000000000b0d4       0x18 modules/hal_nordic/nrfx/libmodules__hal_nordic__nrfx.a(nrfx_gpiote.c.obj)
                0x000000000000b0d4                nrfx_gpiote_channel_alloc
 .text.nrfx_gpiote_trigger_enable
                0x000000000000b0ec       0xa4 modules/hal_nordic/nrfx/libmodules__hal_nordic__nrfx.a(nrfx_gpiote.c.obj)
                0x000000000000b0ec                nrfx_gpiote_trigger_enable
 .text.nrfx_gpiote_1_irq_handler
                0x000000000000b190        0xc modules/hal_nordic/nrfx/libmodules__hal_nordic__nrfx.a(nrfx_gpiote.c.obj)
                0x000000000000b190                nrfx_gpiote_1_irq_handler
 .text.z_fatal_error
                0x000000000000b19c       0x30 zephyr/kernel/libkernel.a(fatal.c.obj)
                0x000000000000b19c                z_fatal_error
 .text.z_sys_init_run_level
                0x000000000000b1cc       0x48 zephyr/kernel/libkernel.a(init.c.obj)
 .text.bg_thread_main
                0x000000000000b214       0x34 zephyr/kernel/libkernel.a(init.c.obj)
 .text.z_bss_zero
                0x000000000000b248       0x18 zephyr/kernel/libkernel.a(init.c.obj)
                0x000000000000b248                z_bss_zero
 .text.z_init_cpu
                0x000000000000b260       0x7c zephyr/kernel/libkernel.a(init.c.obj)
                0x000000000000b260                z_init_cpu
 .text.z_cstart
                0x000000000000b2dc       0xdc zephyr/kernel/libkernel.a(init.c.obj)
                0x000000000000b2dc                z_cstart
 .text.z_setup_new_thread
                0x000000000000b3b8       0x7c zephyr/kernel/libkernel.a(thread.c.obj)
                0x000000000000b3b8                z_setup_new_thread
 .text.z_init_static_threads
                0x000000000000b434       0x98 zephyr/kernel/libkernel.a(thread.c.obj)
                0x000000000000b434                z_init_static_threads
 .text.z_impl_k_mutex_unlock
                0x000000000000b4cc       0x78 zephyr/kernel/libkernel.a(mutex.c.obj)
                0x000000000000b4cc                z_impl_k_mutex_unlock
 .text.z_impl_k_mutex_lock
                0x000000000000b544       0xf4 zephyr/kernel/libkernel.a(mutex.c.obj)
                0x000000000000b544                z_impl_k_mutex_lock
 .text.z_impl_k_sem_give
                0x000000000000b638       0x48 zephyr/kernel/libkernel.a(sem.c.obj)
                0x000000000000b638                z_impl_k_sem_give
 .text.z_impl_k_sem_take
                0x000000000000b680       0x50 zephyr/kernel/libkernel.a(sem.c.obj)
                0x000000000000b680                z_impl_k_sem_take
 .text.sliceable
                0x000000000000b6d0       0x3c zephyr/kernel/libkernel.a(sched.c.obj)
 .text.slice_timeout
                0x000000000000b70c       0x20 zephyr/kernel/libkernel.a(sched.c.obj)
 .text.z_reset_time_slice
                0x000000000000b72c       0x50 zephyr/kernel/libkernel.a(sched.c.obj)
                0x000000000000b72c                z_reset_time_slice
 .text.update_cache
                0x000000000000b77c       0x3c zephyr/kernel/libkernel.a(sched.c.obj)
 .text.move_thread_to_end_of_prio_q
                0x000000000000b7b8       0x74 zephyr/kernel/libkernel.a(sched.c.obj)
 .text.ready_thread
                0x000000000000b82c       0x68 zephyr/kernel/libkernel.a(sched.c.obj)
 .text.unready_thread
                0x000000000000b894       0x30 zephyr/kernel/libkernel.a(sched.c.obj)
 .text.pend_locked
                0x000000000000b8c4       0x30 zephyr/kernel/libkernel.a(sched.c.obj)
 .text.z_thread_halt
                0x000000000000b8f4       0xa0 zephyr/kernel/libkernel.a(sched.c.obj)
 .text.z_time_slice
                0x000000000000b994       0x60 zephyr/kernel/libkernel.a(sched.c.obj)
                0x000000000000b994                z_time_slice
 .text.z_pend_curr
                0x000000000000b9f4       0x3c zephyr/kernel/libkernel.a(sched.c.obj)
                0x000000000000b9f4                z_pend_curr
 .text.z_set_prio
                0x000000000000ba30       0x8c zephyr/kernel/libkernel.a(sched.c.obj)
                0x000000000000ba30                z_set_prio
 .text.z_reschedule
                0x000000000000babc       0x24 zephyr/kernel/libkernel.a(sched.c.obj)
                0x000000000000babc                z_reschedule
 .text.z_sched_start
                0x000000000000bae0       0x3c zephyr/kernel/libkernel.a(sched.c.obj)
                0x000000000000bae0                z_sched_start
 .text.k_sched_lock
                0x000000000000bb1c       0x28 zephyr/kernel/libkernel.a(sched.c.obj)
                0x000000000000bb1c                k_sched_lock
 .text.k_sched_unlock
                0x000000000000bb44       0x38 zephyr/kernel/libkernel.a(sched.c.obj)
                0x000000000000bb44                k_sched_unlock
 .text.z_sched_init
                0x000000000000bb7c       0x10 zephyr/kernel/libkernel.a(sched.c.obj)
                0x000000000000bb7c                z_sched_init
 .text.z_impl_k_yield
                0x000000000000bb8c       0x7c zephyr/kernel/libkernel.a(sched.c.obj)
                0x000000000000bb8c                z_impl_k_yield
 .text.z_tick_sleep
                0x000000000000bc08       0x88 zephyr/kernel/libkernel.a(sched.c.obj)
 .text.z_impl_k_sleep
                0x000000000000bc90       0x34 zephyr/kernel/libkernel.a(sched.c.obj)
                0x000000000000bc90                z_impl_k_sleep
 .text.z_impl_k_sched_current_thread_query
                0x000000000000bcc4        0xc zephyr/kernel/libkernel.a(sched.c.obj)
                0x000000000000bcc4                z_impl_k_sched_current_thread_query
 .text.z_data_copy
                0x000000000000bcd0       0x34 zephyr/kernel/libkernel.a(xip.c.obj)
                0x000000000000bcd0                z_data_copy
 .text.elapsed  0x000000000000bd04       0x14 zephyr/kernel/libkernel.a(timeout.c.obj)
 .text.next_timeout
                0x000000000000bd18       0x40 zephyr/kernel/libkernel.a(timeout.c.obj)
 .text.remove_timeout
                0x000000000000bd58       0x38 zephyr/kernel/libkernel.a(timeout.c.obj)
 .text.z_add_timeout
                0x000000000000bd90       0xec zephyr/kernel/libkernel.a(timeout.c.obj)
                0x000000000000bd90                z_add_timeout
 .text.sys_clock_announce
                0x000000000000be7c       0xd4 zephyr/kernel/libkernel.a(timeout.c.obj)
                0x000000000000be7c                sys_clock_announce
 .text.sys_clock_tick_get
                0x000000000000bf50       0x34 zephyr/kernel/libkernel.a(timeout.c.obj)
                0x000000000000bf50                sys_clock_tick_get
 .text.boot_banner
                0x000000000000bf84        0xc zephyr/kernel/libkernel.a(banner.c.obj)
                0x000000000000bf84                boot_banner
 .text.__l_vfprintf
                0x000000000000bf90      0x4b4 c:\ncs\toolchains\cf2149caf2\opt\zephyr-sdk\arm-zephyr-eabi\bin\../lib/gcc/../../picolibc/arm-zephyr-eabi/lib/thumb/v8-m.main/nofp\libc.a(libc_tinystdio_vflprintf.c.o)
                0x000000000000bf90                __l_vfprintf
 .text._OffsetAbsSyms
                0x000000000000c444        0x2 zephyr/CMakeFiles/offsets.dir/./arch/arm/core/offsets/offsets.c.obj
                0x000000000000c444                _OffsetAbsSyms
 .text.k_msleep.isra.0
                0x000000000000c446       0x20 app/libapp.a(main.c.obj)
 .text.arch_printk_char_out
                0x000000000000c466        0x4 zephyr/libzephyr.a(printk.c.obj)
                0x000000000000c466                arch_printk_char_out
 .text.printk   0x000000000000c46a       0x1a zephyr/libzephyr.a(printk.c.obj)
                0x000000000000c46a                printk
 .text.chunk_field
                0x000000000000c484       0x16 zephyr/libzephyr.a(heap.c.obj)
 .text.chunk_set
                0x000000000000c49a       0x16 zephyr/libzephyr.a(heap.c.obj)
 .text.chunk_size
                0x000000000000c4b0        0xc zephyr/libzephyr.a(heap.c.obj)
 .text.set_chunk_used
                0x000000000000c4bc       0x30 zephyr/libzephyr.a(heap.c.obj)
 .text.set_chunk_size
                0x000000000000c4ec        0x8 zephyr/libzephyr.a(heap.c.obj)
 .text.bucket_idx.isra.0
                0x000000000000c4f4       0x1c zephyr/libzephyr.a(heap.c.obj)
 .text.free_list_add
                0x000000000000c510       0x84 zephyr/libzephyr.a(heap.c.obj)
 .text.sys_heap_init
                0x000000000000c594       0xb0 zephyr/libzephyr.a(heap.c.obj)
                0x000000000000c594                sys_heap_init
 .text.process_recheck
                0x000000000000c644       0x38 zephyr/libzephyr.a(onoff.c.obj)
 .text.validate_args
                0x000000000000c67c       0x20 zephyr/libzephyr.a(onoff.c.obj)
 .text.notify_one
                0x000000000000c69c       0x2c zephyr/libzephyr.a(onoff.c.obj)
 .text.transition_complete
                0x000000000000c6c8       0x1c zephyr/libzephyr.a(onoff.c.obj)
 .text.onoff_manager_init
                0x000000000000c6e4       0x26 zephyr/libzephyr.a(onoff.c.obj)
                0x000000000000c6e4                onoff_manager_init
 .text.onoff_request
                0x000000000000c70a       0xb0 zephyr/libzephyr.a(onoff.c.obj)
                0x000000000000c70a                onoff_request
 .text.sys_notify_validate
                0x000000000000c7ba       0x22 zephyr/libzephyr.a(notify.c.obj)
                0x000000000000c7ba                sys_notify_validate
 .text.sys_notify_finalize
                0x000000000000c7dc       0x1a zephyr/libzephyr.a(notify.c.obj)
                0x000000000000c7dc                sys_notify_finalize
 .text._ConfigAbsSyms
                0x000000000000c7f6        0x2 zephyr/libzephyr.a(configs.c.obj)
                0x000000000000c7f6                _ConfigAbsSyms
 .text.z_arm_fatal_error
                0x000000000000c7f8        0x4 zephyr/arch/arch/arm/core/libarch__arm__core.a(fatal.c.obj)
                0x000000000000c7f8                z_arm_fatal_error
 .text.z_do_kernel_oops
                0x000000000000c7fc        0x8 zephyr/arch/arch/arm/core/libarch__arm__core.a(fatal.c.obj)
                0x000000000000c7fc                z_do_kernel_oops
 .text.z_arm_nmi
                0x000000000000c804        0xe zephyr/arch/arch/arm/core/libarch__arm__core.a(nmi.c.obj)
                0x000000000000c804                z_arm_nmi
 .text.z_arm_save_fp_context
                0x000000000000c812        0x2 zephyr/arch/arch/arm/core/cortex_m/libarch__arm__core__cortex_m.a(fpu.c.obj)
                0x000000000000c812                z_arm_save_fp_context
 .text.z_arm_restore_fp_context
                0x000000000000c814        0x2 zephyr/arch/arch/arm/core/cortex_m/libarch__arm__core__cortex_m.a(fpu.c.obj)
                0x000000000000c814                z_arm_restore_fp_context
 .text.z_irq_spurious
                0x000000000000c816        0x8 zephyr/arch/arch/arm/core/cortex_m/libarch__arm__core__cortex_m.a(irq_manage.c.obj)
                0x000000000000c816                z_irq_spurious
 .text.configure_builtin_stack_guard
                0x000000000000c81e        0x8 zephyr/arch/arch/arm/core/cortex_m/libarch__arm__core__cortex_m.a(thread.c.obj)
                0x000000000000c81e                configure_builtin_stack_guard
 .text.arm_cmse_mpu_region_get
                0x000000000000c826       0x12 zephyr/arch/arch/arm/core/cortex_m/cmse/libarch__arm__core__cortex_m__cmse.a(arm_core_cmse.c.obj)
                0x000000000000c826                arm_cmse_mpu_region_get
 .text.mpu_configure_region
                0x000000000000c838       0x3a zephyr/arch/arch/arm/core/mpu/libarch__arm__core__mpu.a(arm_mpu.c.obj)
 .text.picolibc_put
                0x000000000000c872        0xa zephyr/lib/libc/picolibc/liblib__libc__picolibc.a(libc-hooks.c.obj)
 .text.nordicsemi_nrf53_init
                0x000000000000c87c       0x1c zephyr/soc/soc/arm/nordic_nrf/libsoc__arm__nordic_nrf.a(soc.c.obj)
 .text.get_status
                0x000000000000c898       0x12 zephyr/drivers/clock_control/libdrivers__clock_control.a(clock_control_nrf.c.obj)
 .text.set_on_state
                0x000000000000c8aa       0x26 zephyr/drivers/clock_control/libdrivers__clock_control.a(clock_control_nrf.c.obj)
 .text.stop     0x000000000000c8d0       0x54 zephyr/drivers/clock_control/libdrivers__clock_control.a(clock_control_nrf.c.obj)
 .text.api_stop
                0x000000000000c924        0x6 zephyr/drivers/clock_control/libdrivers__clock_control.a(clock_control_nrf.c.obj)
 .text.async_start
                0x000000000000c92a       0x5e zephyr/drivers/clock_control/libdrivers__clock_control.a(clock_control_nrf.c.obj)
 .text.api_start
                0x000000000000c988        0xe zephyr/drivers/clock_control/libdrivers__clock_control.a(clock_control_nrf.c.obj)
 .text.onoff_started_callback
                0x000000000000c996       0x12 zephyr/drivers/clock_control/libdrivers__clock_control.a(clock_control_nrf.c.obj)
 .text.hfclkaudio_start
                0x000000000000c9a8        0x6 zephyr/drivers/clock_control/libdrivers__clock_control.a(clock_control_nrf.c.obj)
 .text.hfclk192m_start
                0x000000000000c9ae        0x6 zephyr/drivers/clock_control/libdrivers__clock_control.a(clock_control_nrf.c.obj)
 .text.lfclk_start
                0x000000000000c9b4        0x6 zephyr/drivers/clock_control/libdrivers__clock_control.a(clock_control_nrf.c.obj)
 .text.hfclkaudio_stop
                0x000000000000c9ba        0x6 zephyr/drivers/clock_control/libdrivers__clock_control.a(clock_control_nrf.c.obj)
 .text.hfclk192m_stop
                0x000000000000c9c0        0x6 zephyr/drivers/clock_control/libdrivers__clock_control.a(clock_control_nrf.c.obj)
 .text.lfclk_stop
                0x000000000000c9c6        0x6 zephyr/drivers/clock_control/libdrivers__clock_control.a(clock_control_nrf.c.obj)
 .text.blocking_start_callback
                0x000000000000c9cc        0x6 zephyr/drivers/clock_control/libdrivers__clock_control.a(clock_control_nrf.c.obj)
 .text.entropy_psa_crypto_rng_get_entropy
                0x000000000000c9d2       0x14 zephyr/drivers/entropy/libdrivers__entropy.a(entropy_psa_crypto.c.obj)
 .text.entropy_psa_crypto_rng_init
                0x000000000000c9e6       0x10 zephyr/drivers/entropy/libdrivers__entropy.a(entropy_psa_crypto.c.obj)
 .text.gpio_nrfx_port_get_raw
                0x000000000000c9f6        0xc zephyr/drivers/gpio/libdrivers__gpio.a(gpio_nrfx.c.obj)
 .text.gpio_nrfx_port_set_masked_raw
                0x000000000000ca02       0x14 zephyr/drivers/gpio/libdrivers__gpio.a(gpio_nrfx.c.obj)
 .text.gpio_nrfx_port_set_bits_raw
                0x000000000000ca16        0xa zephyr/drivers/gpio/libdrivers__gpio.a(gpio_nrfx.c.obj)
 .text.gpio_nrfx_port_clear_bits_raw
                0x000000000000ca20        0xa zephyr/drivers/gpio/libdrivers__gpio.a(gpio_nrfx.c.obj)
 .text.gpio_nrfx_port_toggle_bits
                0x000000000000ca2a       0x14 zephyr/drivers/gpio/libdrivers__gpio.a(gpio_nrfx.c.obj)
 .text.gpio_nrfx_manage_callback
                0x000000000000ca3e       0x52 zephyr/drivers/gpio/libdrivers__gpio.a(gpio_nrfx.c.obj)
 .text.pinctrl_lookup_state
                0x000000000000ca90       0x26 zephyr/drivers/pinctrl/libdrivers__pinctrl.a(common.c.obj)
                0x000000000000ca90                pinctrl_lookup_state
 .text.uarte_nrfx_err_check
                0x000000000000cab6        0xe zephyr/drivers/serial/libdrivers__serial.a(uart_nrfx_uarte.c.obj)
 .text.uarte_nrfx_poll_in
                0x000000000000cac4       0x28 zephyr/drivers/serial/libdrivers__serial.a(uart_nrfx_uarte.c.obj)
 .text.is_tx_ready.isra.0
                0x000000000000caec       0x20 zephyr/drivers/serial/libdrivers__serial.a(uart_nrfx_uarte.c.obj)
 .text.uarte_nrfx_isr_int
                0x000000000000cb0c       0x72 zephyr/drivers/serial/libdrivers__serial.a(uart_nrfx_uarte.c.obj)
 .text.event_clear
                0x000000000000cb7e       0x18 zephyr/drivers/timer/libdrivers__timer.a(nrf_rtc_timer.c.obj)
 .text.sys_clock_cycle_get_32
                0x000000000000cb96        0x8 zephyr/drivers/timer/libdrivers__timer.a(nrf_rtc_timer.c.obj)
                0x000000000000cb96                sys_clock_cycle_get_32
 .text.k_sys_fatal_error_handler
                0x000000000000cb9e        0x8 modules/nrf/lib/fatal_error/lib..__nrf__lib__fatal_error.a(fatal_error.c.obj)
                0x000000000000cb9e                k_sys_fatal_error_handler
 .text.tfm_platform_ns_fault_set_handler
                0x000000000000cba6       0x4e modules/nrf/modules/trusted-firmware-m/libtfm_api_nrf.a(tfm_ioctl_ns_api.c.obj)
                0x000000000000cba6                tfm_platform_ns_fault_set_handler
 .text.ns_interface_init
                0x000000000000cbf4        0x4 modules/trusted-firmware-m/libtfm_api.a(interface.c.obj)
 .text.psa_crypto_init
                0x000000000000cbf8        0x4 modules/trusted-firmware-m/libtfm_api.a(tfm_crypto_api.c.obj)
                0x000000000000cbf8                psa_crypto_init
 .text.SystemInit
                0x000000000000cbfc        0x2 modules/hal_nordic/nrfx/libmodules__hal_nordic__nrfx.a(system_nrf5340_application.c.obj)
                0x000000000000cbfc                SystemInit
 .text.nrfx_isr
                0x000000000000cbfe        0x2 modules/hal_nordic/nrfx/libmodules__hal_nordic__nrfx.a(nrfx_glue.c.obj)
                0x000000000000cbfe                nrfx_isr
 .text.nrfx_busy_wait
                0x000000000000cc00        0x4 modules/hal_nordic/nrfx/libmodules__hal_nordic__nrfx.a(nrfx_glue.c.obj)
                0x000000000000cc00                nrfx_busy_wait
 .text.nrfx_gppi_event_endpoint_setup
                0x000000000000cc04        0xa modules/hal_nordic/nrfx/libmodules__hal_nordic__nrfx.a(nrfx_gppi_dppi.c.obj)
                0x000000000000cc04                nrfx_gppi_event_endpoint_setup
 .text.nrfx_gppi_task_endpoint_setup
                0x000000000000cc0e        0xa modules/hal_nordic/nrfx/libmodules__hal_nordic__nrfx.a(nrfx_gppi_dppi.c.obj)
                0x000000000000cc0e                nrfx_gppi_task_endpoint_setup
 .text.nrfx_gppi_channel_endpoints_setup
                0x000000000000cc18        0xe modules/hal_nordic/nrfx/libmodules__hal_nordic__nrfx.a(nrfx_gppi_dppi.c.obj)
                0x000000000000cc18                nrfx_gppi_channel_endpoints_setup
 .text.nrfx_gppi_channel_alloc
                0x000000000000cc26        0x4 modules/hal_nordic/nrfx/libmodules__hal_nordic__nrfx.a(nrfx_gppi_dppi.c.obj)
                0x000000000000cc26                nrfx_gppi_channel_alloc
 .text.nrfx_clock_stop
                0x000000000000cc2a        0x4 modules/hal_nordic/nrfx/libmodules__hal_nordic__nrfx.a(nrfx_clock.c.obj)
                0x000000000000cc2a                nrfx_clock_stop
 .text.nrf_gpio_reconfigure
                0x000000000000cc2e       0x92 modules/hal_nordic/nrfx/libmodules__hal_nordic__nrfx.a(nrfx_gpiote.c.obj)
 .text.nrf_gpio_cfg_sense_set
                0x000000000000ccc0       0x1e modules/hal_nordic/nrfx/libmodules__hal_nordic__nrfx.a(nrfx_gpiote.c.obj)
 .text.call_handler
                0x000000000000ccde       0x3e modules/hal_nordic/nrfx/libmodules__hal_nordic__nrfx.a(nrfx_gpiote.c.obj)
 .text.pin_trigger_disable
                0x000000000000cd1c       0x4a modules/hal_nordic/nrfx/libmodules__hal_nordic__nrfx.a(nrfx_gpiote.c.obj)
 .text.nrfx_gpiote_pin_uninit
                0x000000000000cd66        0x4 modules/hal_nordic/nrfx/libmodules__hal_nordic__nrfx.a(nrfx_gpiote.c.obj)
                0x000000000000cd66                nrfx_gpiote_pin_uninit
 .text.nrfx_gpiote_trigger_disable
                0x000000000000cd6a        0x4 modules/hal_nordic/nrfx/libmodules__hal_nordic__nrfx.a(nrfx_gpiote.c.obj)
                0x000000000000cd6a                nrfx_gpiote_trigger_disable
 .text.z_impl_k_busy_wait
                0x000000000000cd6e        0x8 zephyr/kernel/libkernel.a(busy_wait.c.obj)
                0x000000000000cd6e                z_impl_k_busy_wait
 .text.z_device_state_init
                0x000000000000cd76        0x2 zephyr/kernel/libkernel.a(device.c.obj)
                0x000000000000cd76                z_device_state_init
 .text.z_device_is_ready
                0x000000000000cd78       0x16 zephyr/kernel/libkernel.a(device.c.obj)
                0x000000000000cd78                z_device_is_ready
 .text.z_early_memset
                0x000000000000cd8e        0x4 zephyr/kernel/libkernel.a(init.c.obj)
                0x000000000000cd8e                z_early_memset
 .text.z_early_memcpy
                0x000000000000cd92        0x4 zephyr/kernel/libkernel.a(init.c.obj)
                0x000000000000cd92                z_early_memcpy
 .text.k_is_in_isr
                0x000000000000cd96        0xc zephyr/kernel/libkernel.a(thread.c.obj)
                0x000000000000cd96                k_is_in_isr
 .text.idle     0x000000000000cda2       0x18 zephyr/kernel/libkernel.a(idle.c.obj)
                0x000000000000cda2                idle
 .text.adjust_owner_prio.isra.0
                0x000000000000cdba       0x10 zephyr/kernel/libkernel.a(mutex.c.obj)
 .text.sys_dlist_remove
                0x000000000000cdca       0x10 zephyr/kernel/libkernel.a(sched.c.obj)
 .text.unpend_thread_no_timeout
                0x000000000000cdda       0x14 zephyr/kernel/libkernel.a(sched.c.obj)
 .text.add_to_waitq_locked
                0x000000000000cdee       0x50 zephyr/kernel/libkernel.a(sched.c.obj)
 .text.z_ready_thread
                0x000000000000ce3e       0x20 zephyr/kernel/libkernel.a(sched.c.obj)
                0x000000000000ce3e                z_ready_thread
 .text.z_impl_k_thread_suspend
                0x000000000000ce5e       0x36 zephyr/kernel/libkernel.a(sched.c.obj)
                0x000000000000ce5e                z_impl_k_thread_suspend
 .text.z_sched_wake_thread
                0x000000000000ce94       0x44 zephyr/kernel/libkernel.a(sched.c.obj)
                0x000000000000ce94                z_sched_wake_thread
 .text.z_thread_timeout
                0x000000000000ced8        0x8 zephyr/kernel/libkernel.a(sched.c.obj)
                0x000000000000ced8                z_thread_timeout
 .text.z_unpend_first_thread
                0x000000000000cee0       0x38 zephyr/kernel/libkernel.a(sched.c.obj)
                0x000000000000cee0                z_unpend_first_thread
 .text.z_reschedule_irqlock
                0x000000000000cf18       0x18 zephyr/kernel/libkernel.a(sched.c.obj)
                0x000000000000cf18                z_reschedule_irqlock
 .text.z_reschedule_unlocked
                0x000000000000cf30       0x14 zephyr/kernel/libkernel.a(sched.c.obj)
 .text.z_thread_abort
                0x000000000000cf44       0x42 zephyr/kernel/libkernel.a(sched.c.obj)
                0x000000000000cf44                z_thread_abort
 .text.z_abort_timeout
                0x000000000000cf86       0x2c zephyr/kernel/libkernel.a(timeout.c.obj)
                0x000000000000cf86                z_abort_timeout
 .text.sys_clock_tick_get_32
                0x000000000000cfb2        0x8 zephyr/kernel/libkernel.a(timeout.c.obj)
                0x000000000000cfb2                sys_clock_tick_get_32
 .text.main     0x000000000000cfba        0x6 zephyr/kernel/libkernel.a(main_weak.c.obj)
                0x000000000000cfba                main
 .text.strnlen  0x000000000000cfc0       0x18 c:\ncs\toolchains\cf2149caf2\opt\zephyr-sdk\arm-zephyr-eabi\bin\../lib/gcc/../../picolibc/arm-zephyr-eabi/lib/thumb/v8-m.main/nofp\libc.a(libc_string_strnlen.c.o)
                0x000000000000cfc0                strnlen
 .text.__ultoa_invert
                0x000000000000cfd8       0xac c:\ncs\toolchains\cf2149caf2\opt\zephyr-sdk\arm-zephyr-eabi\bin\../lib/gcc/../../picolibc/arm-zephyr-eabi/lib/thumb/v8-m.main/nofp\libc.a(libc_tinystdio_vflprintf.c.o)
 .text.memcpy   0x000000000000d084       0x1a c:\ncs\toolchains\cf2149caf2\opt\zephyr-sdk\arm-zephyr-eabi\bin\../lib/gcc/../../picolibc/arm-zephyr-eabi/lib/thumb/v8-m.main/nofp\libc.a(memcpy.c.o)
                0x000000000000d084                __aeabi_memcpy
                0x000000000000d084                __aeabi_memcpy4
                0x000000000000d084                __aeabi_memcpy8
                0x000000000000d084                memcpy
 .text.memset   0x000000000000d09e       0x10 c:\ncs\toolchains\cf2149caf2\opt\zephyr-sdk\arm-zephyr-eabi\bin\../lib/gcc/../../picolibc/arm-zephyr-eabi/lib/thumb/v8-m.main/nofp\libc.a(memset.c.o)
                0x000000000000d09e                memset
 *(SORT_BY_ALIGNMENT(.TEXT.*))
 *fill*         0x000000000000d0ae        0x2 
 .TEXT.__aeabi_read_tp
                0x000000000000d0b0        0xc zephyr/arch/arch/arm/core/cortex_m/libarch__arm__core__cortex_m.a(__aeabi_read_tp.S.obj)
                0x000000000000d0b0                __aeabi_read_tp
 *(SORT_BY_ALIGNMENT(.gnu.linkonce.t.*))
 *(SORT_BY_ALIGNMENT(.glue_7t))
 .glue_7t       0x000000000000d0bc        0x0 linker stubs
 *(SORT_BY_ALIGNMENT(.glue_7))
 .glue_7        0x000000000000d0bc        0x0 linker stubs
 *(SORT_BY_ALIGNMENT(.vfp11_veneer))
 .vfp11_veneer  0x000000000000d0bc        0x0 linker stubs
 *(SORT_BY_ALIGNMENT(.v4_bx))
 .v4_bx         0x000000000000d0bc        0x0 linker stubs
                0x000000000000d0bc                . = ALIGN (0x4)
                0x000000000000d0bc                __text_region_end = .

.ARM.exidx      0x000000000000d0bc        0x8
                0x000000000000d0bc                __exidx_start = .
 *(SORT_BY_ALIGNMENT(.ARM.exidx*) SORT_BY_ALIGNMENT(gnu.linkonce.armexidx.*))
 .ARM.exidx     0x000000000000d0bc        0x8 c:/ncs/toolchains/cf2149caf2/opt/zephyr-sdk/arm-zephyr-eabi/bin/../lib/gcc/arm-zephyr-eabi/12.2.0/thumb/v8-m.main/nofp\libgcc.a(_udivmoddi4.o)
                0x000000000000d0c4                __exidx_end = .
                0x000000000000d0c4                __rodata_region_start = .

initlevel       0x000000000000d0c4       0x60
                0x000000000000d0c4                __init_start = .
                0x000000000000d0c4                __init_EARLY_start = .
 *(SORT_BY_NAME(SORT_BY_ALIGNMENT(.z_init_EARLY?_*)))
 *(SORT_BY_NAME(SORT_BY_ALIGNMENT(.z_init_EARLY??_*)))
                0x000000000000d0c4                __init_PRE_KERNEL_1_start = .
 *(SORT_BY_NAME(SORT_BY_ALIGNMENT(.z_init_PRE_KERNEL_1?_*)))
 .z_init_PRE_KERNEL_10_0_
                0x000000000000d0c4        0x8 zephyr/soc/soc/arm/nordic_nrf/libsoc__arm__nordic_nrf.a(soc.c.obj)
 .z_init_PRE_KERNEL_10_0_
                0x000000000000d0cc        0x8 modules/nrf/modules/trusted-firmware-m/lib..__nrf__modules__trusted-firmware-m.a(fault.c.obj)
 *(SORT_BY_NAME(SORT_BY_ALIGNMENT(.z_init_PRE_KERNEL_1??_*)))
 .z_init_PRE_KERNEL_130_00072_
                0x000000000000d0d4        0x8 zephyr/drivers/clock_control/libdrivers__clock_control.a(clock_control_nrf.c.obj)
 .z_init_PRE_KERNEL_140_00013_
                0x000000000000d0dc        0x8 zephyr/drivers/gpio/libdrivers__gpio.a(gpio_nrfx.c.obj)
 .z_init_PRE_KERNEL_140_00032_
                0x000000000000d0e4        0x8 zephyr/drivers/gpio/libdrivers__gpio.a(gpio_nrfx.c.obj)
 .z_init_PRE_KERNEL_150_00006_
                0x000000000000d0ec        0x8 zephyr/drivers/entropy/libdrivers__entropy.a(entropy_psa_crypto.c.obj)
 .z_init_PRE_KERNEL_155_00111_
                0x000000000000d0f4        0x8 zephyr/drivers/serial/libdrivers__serial.a(uart_nrfx_uarte.c.obj)
 .z_init_PRE_KERNEL_160_0_
                0x000000000000d0fc        0x8 zephyr/drivers/console/libdrivers__console.a(uart_console.c.obj)
                0x000000000000d104                __init_PRE_KERNEL_2_start = .
 *(SORT_BY_NAME(SORT_BY_ALIGNMENT(.z_init_PRE_KERNEL_2?_*)))
 .z_init_PRE_KERNEL_20_0_
                0x000000000000d104        0x8 zephyr/drivers/timer/libdrivers__timer.a(nrf_rtc_timer.c.obj)
 *(SORT_BY_NAME(SORT_BY_ALIGNMENT(.z_init_PRE_KERNEL_2??_*)))
                0x000000000000d10c                __init_POST_KERNEL_start = .
 *(SORT_BY_NAME(SORT_BY_ALIGNMENT(.z_init_POST_KERNEL?_*)))
 .z_init_POST_KERNEL0_0_
                0x000000000000d10c        0x8 zephyr/soc/soc/arm/nordic_nrf/libsoc__arm__nordic_nrf.a(soc.c.obj)
 *(SORT_BY_NAME(SORT_BY_ALIGNMENT(.z_init_POST_KERNEL??_*)))
 .z_init_POST_KERNEL40_0_
                0x000000000000d114        0x8 zephyr/lib/libc/common/liblib__libc__common.a(malloc.c.obj)
 .z_init_POST_KERNEL40_0_
                0x000000000000d11c        0x8 modules/trusted-firmware-m/libtfm_api.a(interface.c.obj)
                0x000000000000d124                __init_APPLICATION_start = .
 *(SORT_BY_NAME(SORT_BY_ALIGNMENT(.z_init_APPLICATION?_*)))
 *(SORT_BY_NAME(SORT_BY_ALIGNMENT(.z_init_APPLICATION??_*)))
                0x000000000000d124                __init_SMP_start = .
 *(SORT_BY_NAME(SORT_BY_ALIGNMENT(.z_init_SMP?_*)))
 *(SORT_BY_NAME(SORT_BY_ALIGNMENT(.z_init_SMP??_*)))
                0x000000000000d124                __init_end = .

device_area     0x000000000000d124       0x64
                0x000000000000d124                _device_list_start = .
 *(SORT_BY_NAME(SORT_BY_ALIGNMENT(._device.static.*_?_*)))
 *(SORT_BY_NAME(SORT_BY_ALIGNMENT(._device.static.*_??_*)))
 ._device.static.1_30_
                0x000000000000d124       0x14 zephyr/drivers/clock_control/libdrivers__clock_control.a(clock_control_nrf.c.obj)
                0x000000000000d124                __device_dts_ord_72
 ._device.static.1_40_
                0x000000000000d138       0x28 zephyr/drivers/gpio/libdrivers__gpio.a(gpio_nrfx.c.obj)
                0x000000000000d138                __device_dts_ord_32
                0x000000000000d14c                __device_dts_ord_13
 ._device.static.1_50_
                0x000000000000d160       0x14 zephyr/drivers/entropy/libdrivers__entropy.a(entropy_psa_crypto.c.obj)
                0x000000000000d160                __device_dts_ord_6
 ._device.static.1_55_
                0x000000000000d174       0x14 zephyr/drivers/serial/libdrivers__serial.a(uart_nrfx_uarte.c.obj)
                0x000000000000d174                __device_dts_ord_111
                0x000000000000d188                _device_list_end = .

sw_isr_table    0x000000000000d188      0x228
                0x000000000000d188                . = ALIGN (0x4)
 *(SORT_BY_ALIGNMENT(.gnu.linkonce.sw_isr_table*))
 .gnu.linkonce.sw_isr_table
                0x000000000000d188      0x228 zephyr/arch/common/libisr_tables.a(isr_tables.c.obj)
                0x000000000000d188                _sw_isr_table

initlevel_error
                0x000000000000d0c4        0x0
 *(SORT_BY_NAME(SORT_BY_ALIGNMENT(.z_init_[_A-Z0-9]*)))
                0x0000000000000001                ASSERT ((SIZEOF (initlevel_error) == 0x0), Undefined initialization levels used.)

app_shmem_regions
                0x000000000000d3b0        0x0
                0x000000000000d3b0                __app_shmem_regions_start = .
 *(SORT_BY_NAME(SORT_BY_ALIGNMENT(.app_regions.*)))
                0x000000000000d3b0                __app_shmem_regions_end = .

k_p4wq_initparam_area
                0x000000000000d3b0        0x0
                0x000000000000d3b0                _k_p4wq_initparam_list_start = .
 *(SORT_BY_NAME(SORT_BY_ALIGNMENT(._k_p4wq_initparam.static.*)))
                0x000000000000d3b0                _k_p4wq_initparam_list_end = .

_static_thread_data_area
                0x000000000000d3b0       0x60
                0x000000000000d3b0                __static_thread_data_list_start = .
 *(SORT_BY_NAME(SORT_BY_ALIGNMENT(.__static_thread_data.static.*)))
 .__static_thread_data.static._k_thread_data_consumer_id_
                0x000000000000d3b0       0x30 app/libapp.a(main.c.obj)
                0x000000000000d3b0                _k_thread_data_consumer_id
 .__static_thread_data.static._k_thread_data_producer_id_
                0x000000000000d3e0       0x30 app/libapp.a(main.c.obj)
                0x000000000000d3e0                _k_thread_data_producer_id
                0x000000000000d410                __static_thread_data_list_end = .

device_deps     0x000000000000d410        0x0
                0x000000000000d410                __device_deps_start = .
 *(SORT_BY_NAME(SORT_BY_ALIGNMENT(.__device_deps_pass2*)))
                0x000000000000d410                __device_deps_end = .

ztest           0x000000000000d410        0x0
                0x000000000000d410                _ztest_expected_result_entry_list_start = .
 *(SORT_BY_NAME(SORT_BY_ALIGNMENT(._ztest_expected_result_entry.static.*)))
                0x000000000000d410                _ztest_expected_result_entry_list_end = .
                0x000000000000d410                _ztest_suite_node_list_start = .
 *(SORT_BY_NAME(SORT_BY_ALIGNMENT(._ztest_suite_node.static.*)))
                0x000000000000d410                _ztest_suite_node_list_end = .
                0x000000000000d410                _ztest_unit_test_list_start = .
 *(SORT_BY_NAME(SORT_BY_ALIGNMENT(._ztest_unit_test.static.*)))
                0x000000000000d410                _ztest_unit_test_list_end = .
                0x000000000000d410                _ztest_test_rule_list_start = .
 *(SORT_BY_NAME(SORT_BY_ALIGNMENT(._ztest_test_rule.static.*)))
                0x000000000000d410                _ztest_test_rule_list_end = .

bt_l2cap_fixed_chan_area
                0x000000000000d410        0x0
                0x000000000000d410                _bt_l2cap_fixed_chan_list_start = .
 *(SORT_BY_NAME(SORT_BY_ALIGNMENT(._bt_l2cap_fixed_chan.static.*)))
                0x000000000000d410                _bt_l2cap_fixed_chan_list_end = .

bt_gatt_service_static_area
                0x000000000000d410        0x0
                0x000000000000d410                _bt_gatt_service_static_list_start = .
 *(SORT_BY_NAME(SORT_BY_ALIGNMENT(._bt_gatt_service_static.static.*)))
                0x000000000000d410                _bt_gatt_service_static_list_end = .

log_strings_area
                0x000000000000d410        0x0
                0x000000000000d410                _log_strings_list_start = .
 *(SORT_BY_NAME(SORT_BY_ALIGNMENT(._log_strings.static.*)))
                0x000000000000d410                _log_strings_list_end = .

log_const_area  0x000000000000d410        0x0
                0x000000000000d410                _log_const_list_start = .
 *(SORT_BY_NAME(SORT_BY_ALIGNMENT(._log_const.static.*)))
                0x000000000000d410                _log_const_list_end = .

log_backend_area
                0x000000000000d410        0x0
                0x000000000000d410                _log_backend_list_start = .
 *(SORT_BY_NAME(SORT_BY_ALIGNMENT(._log_backend.static.*)))
                0x000000000000d410                _log_backend_list_end = .

log_link_area   0x000000000000d410        0x0
                0x000000000000d410                _log_link_list_start = .
 *(SORT_BY_NAME(SORT_BY_ALIGNMENT(._log_link.static.*)))
                0x000000000000d410                _log_link_list_end = .

tracing_backend_area
                0x000000000000d410        0x0
                0x000000000000d410                _tracing_backend_list_start = .
 *(SORT_BY_NAME(SORT_BY_ALIGNMENT(._tracing_backend.static.*)))
                0x000000000000d410                _tracing_backend_list_end = .

zephyr_dbg_info
 *(SORT_BY_ALIGNMENT(.dbg_thread_info))

symbol_to_keep  0x000000000000d410        0x0
                0x000000000000d410                __symbol_to_keep_start = .
 *(SORT_BY_NAME(SORT_BY_ALIGNMENT(.symbol_to_keep*)))
                0x000000000000d410                __symbol_to_keep_end = .

shell_area      0x000000000000d410        0x0
                0x000000000000d410                _shell_list_start = .
 *(SORT_BY_NAME(SORT_BY_ALIGNMENT(._shell.static.*)))
                0x000000000000d410                _shell_list_end = .

shell_root_cmds_area
                0x000000000000d410        0x0
                0x000000000000d410                _shell_root_cmds_list_start = .
 *(SORT_BY_NAME(SORT_BY_ALIGNMENT(._shell_root_cmds.static.*)))
                0x000000000000d410                _shell_root_cmds_list_end = .

shell_subcmds_area
                0x000000000000d410        0x0
                0x000000000000d410                _shell_subcmds_list_start = .
 *(SORT_BY_NAME(SORT_BY_ALIGNMENT(._shell_subcmds.static.*)))
                0x000000000000d410                _shell_subcmds_list_end = .

shell_dynamic_subcmds_area
                0x000000000000d410        0x0
                0x000000000000d410                _shell_dynamic_subcmds_list_start = .
 *(SORT_BY_NAME(SORT_BY_ALIGNMENT(._shell_dynamic_subcmds.static.*)))
                0x000000000000d410                _shell_dynamic_subcmds_list_end = .

cfb_font_area   0x000000000000d410        0x0
                0x000000000000d410                _cfb_font_list_start = .
 *(SORT_BY_NAME(SORT_BY_ALIGNMENT(._cfb_font.static.*)))
                0x000000000000d410                _cfb_font_list_end = .

tdata           0x000000000000d410        0x0
 *(SORT_BY_ALIGNMENT(.tdata) SORT_BY_ALIGNMENT(.tdata.*) SORT_BY_ALIGNMENT(.gnu.linkonce.td.*))

tbss            0x000000000000d410        0x4
 *(SORT_BY_ALIGNMENT(.tbss) SORT_BY_ALIGNMENT(.tbss.*) SORT_BY_ALIGNMENT(.gnu.linkonce.tb.*) SORT_BY_ALIGNMENT(.tcommon))
 .tbss.z_tls_current
                0x000000000000d410        0x4 zephyr/libzephyr.a(thread_entry.c.obj)
                0x000000000000d410                z_tls_current
                0x000000000000d410                PROVIDE (__tdata_start = LOADADDR (tdata))
                0x0000000000000000                PROVIDE (__tdata_size = SIZEOF (tdata))
                [!provide]                        PROVIDE (__tdata_end = (__tdata_start + __tdata_size))
                0x0000000000000001                PROVIDE (__tdata_align = ALIGNOF (tdata))
                [!provide]                        PROVIDE (__tbss_start = ADDR (tbss))
                0x0000000000000004                PROVIDE (__tbss_size = SIZEOF (tbss))
                [!provide]                        PROVIDE (__tbss_end = (__tbss_start + __tbss_size))
                0x0000000000000004                PROVIDE (__tbss_align = ALIGNOF (tbss))
                [!provide]                        PROVIDE (__tls_start = __tdata_start)
                [!provide]                        PROVIDE (__tls_end = __tbss_end)
                [!provide]                        PROVIDE (__tls_size = (__tbss_end - __tdata_start))

rodata          0x000000000000d410      0x28c
 *(SORT_BY_ALIGNMENT(.rodata))
 *(SORT_BY_ALIGNMENT(.rodata.*))
 .rodata.delay_machine_code.0
                0x000000000000d410        0x6 zephyr/soc/soc/arm/nordic_nrf/libsoc__arm__nordic_nrf.a(soc.c.obj)
 *fill*         0x000000000000d416        0x2 
 .rodata.mem_attr_region
                0x000000000000d418        0x0 zephyr/libzephyr.a(mem_attr.c.obj)
 .rodata.static_regions
                0x000000000000d418        0xc zephyr/arch/arch/arm/core/mpu/libarch__arm__core__mpu.a(arm_core_mpu.c.obj)
 .rodata.mpu_config
                0x000000000000d424        0x8 zephyr/arch/arch/arm/core/mpu/libarch__arm__core__mpu.a(arm_mpu_regions.c.obj)
                0x000000000000d424                mpu_config
 .rodata.mpu_regions
                0x000000000000d42c       0x20 zephyr/arch/arch/arm/core/mpu/libarch__arm__core__mpu.a(arm_mpu_regions.c.obj)
 .rodata.transitions.0
                0x000000000000d44c        0xc zephyr/drivers/clock_control/libdrivers__clock_control.a(clock_control_nrf.c.obj)
 .rodata.config
                0x000000000000d458       0x20 zephyr/drivers/clock_control/libdrivers__clock_control.a(clock_control_nrf.c.obj)
 .rodata.clock_control_api
                0x000000000000d478       0x1c zephyr/drivers/clock_control/libdrivers__clock_control.a(clock_control_nrf.c.obj)
 .rodata.entropy_psa_crypto_rng_api
                0x000000000000d494        0x8 zephyr/drivers/entropy/libdrivers__entropy.a(entropy_psa_crypto.c.obj)
 .rodata.gpio_nrfx_p1_cfg
                0x000000000000d49c       0x18 zephyr/drivers/gpio/libdrivers__gpio.a(gpio_nrfx.c.obj)
 .rodata.gpio_nrfx_p0_cfg
                0x000000000000d4b4       0x18 zephyr/drivers/gpio/libdrivers__gpio.a(gpio_nrfx.c.obj)
 .rodata.gpio_nrfx_drv_api_funcs
                0x000000000000d4cc       0x24 zephyr/drivers/gpio/libdrivers__gpio.a(gpio_nrfx.c.obj)
 .rodata.uarte_0z_config
                0x000000000000d4f0       0x10 zephyr/drivers/serial/libdrivers__serial.a(uart_nrfx_uarte.c.obj)
 .rodata.__pinctrl_dev_config__device_dts_ord_111
                0x000000000000d500        0xc zephyr/drivers/serial/libdrivers__serial.a(uart_nrfx_uarte.c.obj)
 .rodata.__pinctrl_states__device_dts_ord_111
                0x000000000000d50c        0x8 zephyr/drivers/serial/libdrivers__serial.a(uart_nrfx_uarte.c.obj)
 .rodata.__pinctrl_state_pins_0__device_dts_ord_111
                0x000000000000d514       0x10 zephyr/drivers/serial/libdrivers__serial.a(uart_nrfx_uarte.c.obj)
 .rodata.uart_nrfx_uarte_driver_api
                0x000000000000d524        0xc zephyr/drivers/serial/libdrivers__serial.a(uart_nrfx_uarte.c.obj)
 .rodata.levels.0
                0x000000000000d530       0x18 zephyr/kernel/libkernel.a(init.c.obj)
 .rodata.get_access.str1.1
                0x000000000000d548       0x32 app/libapp.a(main.c.obj)
 .rodata.consumer.str1.1
                0x000000000000d57a       0x19 app/libapp.a(main.c.obj)
 .rodata.release_access.str1.1
                0x000000000000d593       0x32 app/libapp.a(main.c.obj)
 .rodata.producer.str1.1
                0x000000000000d5c5       0x19 app/libapp.a(main.c.obj)
 .rodata.str1.1
                0x000000000000d5de       0x18 app/libapp.a(main.c.obj)
 .rodata.str1.1
                0x000000000000d5f6        0xf zephyr/arch/arch/arm/core/mpu/libarch__arm__core__mpu.a(arm_mpu_regions.c.obj)
 .rodata.str1.1
                0x000000000000d605        0xb zephyr/drivers/clock_control/libdrivers__clock_control.a(clock_control_nrf.c.obj)
 .rodata.str1.1
                0x000000000000d610        0x8 zephyr/drivers/entropy/libdrivers__entropy.a(entropy_psa_crypto.c.obj)
 .rodata.str1.1
                0x000000000000d618       0x18 zephyr/drivers/gpio/libdrivers__gpio.a(gpio_nrfx.c.obj)
 .rodata.drive_modes
                0x000000000000d630        0x9 zephyr/drivers/pinctrl/libdrivers__pinctrl.a(pinctrl_nrf.c.obj)
 .rodata.str1.1
                0x000000000000d639        0xa zephyr/drivers/serial/libdrivers__serial.a(uart_nrfx_uarte.c.obj)
 .rodata.port_offset.1
                0x000000000000d643       0x10 modules/hal_nordic/nrfx/libmodules__hal_nordic__nrfx.a(nrfx_gpiote.c.obj)
 .rodata.ports  0x000000000000d653        0x2 modules/hal_nordic/nrfx/libmodules__hal_nordic__nrfx.a(nrfx_gpiote.c.obj)
 .rodata.z_cstart.str1.1
                0x000000000000d655        0x5 zephyr/kernel/libkernel.a(init.c.obj)
 .rodata.boot_banner.str1.1
                0x000000000000d65a       0x30 zephyr/kernel/libkernel.a(banner.c.obj)
 .rodata.__l_vfprintf.str1.1
                0x000000000000d68a        0xf c:\ncs\toolchains\cf2149caf2\opt\zephyr-sdk\arm-zephyr-eabi\bin\../lib/gcc/../../picolibc/arm-zephyr-eabi/lib/thumb/v8-m.main/nofp\libc.a(libc_tinystdio_vflprintf.c.o)
 *(SORT_BY_ALIGNMENT(.gnu.linkonce.r.*))
                0x000000000000d69c                . = ALIGN (0x4)
 *fill*         0x000000000000d699        0x3 
                0x000000000000d69c                __rodata_region_end = .
                0x000000000000d6a0                . = ALIGN (_region_min_align)
                0x000000000000d6a0                __rom_region_end = ((__rom_region_start + .) - ADDR (rom_start))

/DISCARD/
 *(SORT_BY_ALIGNMENT(.got.plt))
 *(SORT_BY_ALIGNMENT(.igot.plt))
 *(SORT_BY_ALIGNMENT(.got))
 *(SORT_BY_ALIGNMENT(.igot))
                0x0000000020008000                . = 0x20008000
                0x0000000020008000                . = ALIGN (_region_min_align)
                0x0000000020008000                _image_ram_start = .

.ramfunc        0x0000000020008000        0x0 load address 0x000000000000d69c
                0x0000000020008000                . = ALIGN (_region_min_align)
                0x0000000020008000                __ramfunc_start = .
 *(SORT_BY_ALIGNMENT(.ramfunc))
 *(SORT_BY_ALIGNMENT(.ramfunc.*))
                0x0000000020008000                . = ALIGN (_region_min_align)
                0x0000000020008000                __ramfunc_end = .
                0x0000000000000000                __ramfunc_size = (__ramfunc_end - __ramfunc_start)
                0x000000000000d69c                __ramfunc_load_start = LOADADDR (.ramfunc)

datas           0x0000000020008000      0x14c load address 0x000000000000d69c
                0x0000000020008000                __data_region_start = .
                0x0000000020008000                __data_start = .
 *(SORT_BY_ALIGNMENT(.data))
 *(SORT_BY_ALIGNMENT(.data.*))
 .data.available_instance_count
                0x0000000020008000        0x4 app/libapp.a(main.c.obj)
                0x0000000020008000                available_instance_count
 .data._char_out
                0x0000000020008004        0x4 zephyr/libzephyr.a(printk.c.obj)
                0x0000000020008004                _char_out
 .data.__stdout
                0x0000000020008008       0x10 zephyr/lib/libc/picolibc/liblib__libc__picolibc.a(libc-hooks.c.obj)
 .data.uarte_0_data
                0x0000000020008018       0x1c zephyr/drivers/serial/libdrivers__serial.a(uart_nrfx_uarte.c.obj)
 .data.SystemCoreClock
                0x0000000020008034        0x4 modules/hal_nordic/nrfx/libmodules__hal_nordic__nrfx.a(system_nrf5340_application.c.obj)
                0x0000000020008034                SystemCoreClock
 .data.m_allocated_channels
                0x0000000020008038        0x4 modules/hal_nordic/nrfx/libmodules__hal_nordic__nrfx.a(nrfx_dppi.c.obj)
 .data.m_cb     0x000000002000803c      0x108 modules/hal_nordic/nrfx/libmodules__hal_nordic__nrfx.a(nrfx_gpiote.c.obj)
 .data.timeout_list
                0x0000000020008144        0x8 zephyr/kernel/libkernel.a(timeout.c.obj)
 *(SORT_BY_ALIGNMENT(.kernel.*))
                0x000000002000814c                __data_end = .
                0x000000000000014c                __data_size = (__data_end - __data_start)
                0x000000000000d69c                __data_load_start = LOADADDR (datas)
                0x000000000000d69c                __data_region_load_start = LOADADDR (datas)

device_states   0x000000002000814c        0xa load address 0x000000000000d7e8
                0x000000002000814c                __device_states_start = .
 *(SORT_BY_ALIGNMENT(.z_devstate))
 .z_devstate    0x000000002000814c        0x2 zephyr/drivers/clock_control/libdrivers__clock_control.a(clock_control_nrf.c.obj)
 .z_devstate    0x000000002000814e        0x2 zephyr/drivers/entropy/libdrivers__entropy.a(entropy_psa_crypto.c.obj)
 .z_devstate    0x0000000020008150        0x4 zephyr/drivers/gpio/libdrivers__gpio.a(gpio_nrfx.c.obj)
 .z_devstate    0x0000000020008154        0x2 zephyr/drivers/serial/libdrivers__serial.a(uart_nrfx_uarte.c.obj)
 *(SORT_BY_ALIGNMENT(.z_devstate.*))
                0x0000000020008156                __device_states_end = .

log_mpsc_pbuf_area
                0x0000000020008156        0x0 load address 0x000000000000d7f2
                0x0000000020008156                _log_mpsc_pbuf_list_start = .
 *(SORT_BY_NAME(SORT_BY_ALIGNMENT(._log_mpsc_pbuf.static.*)))
                0x0000000020008156                _log_mpsc_pbuf_list_end = .

log_msg_ptr_area
                0x0000000020008156        0x0 load address 0x000000000000d7f2
                0x0000000020008156                _log_msg_ptr_list_start = .
 *(SORT_BY_NAME(SORT_BY_ALIGNMENT(._log_msg_ptr.static.*)))
                0x0000000020008156                _log_msg_ptr_list_end = .

log_dynamic_area
                0x0000000020008156        0x0 load address 0x000000000000d7f2
                0x0000000020008156                _log_dynamic_list_start = .
 *(SORT_BY_NAME(SORT_BY_ALIGNMENT(._log_dynamic.static.*)))
                0x0000000020008156                _log_dynamic_list_end = .

k_timer_area    0x0000000020008156        0x0 load address 0x000000000000d7f2
                0x0000000020008156                _k_timer_list_start = .
 *(SORT_BY_NAME(SORT_BY_ALIGNMENT(._k_timer.static.*)))
                0x0000000020008156                _k_timer_list_end = .

k_mem_slab_area
                0x0000000020008156        0x0 load address 0x000000000000d7f2
                0x0000000020008156                _k_mem_slab_list_start = .
 *(SORT_BY_NAME(SORT_BY_ALIGNMENT(._k_mem_slab.static.*)))
                0x0000000020008156                _k_mem_slab_list_end = .

k_heap_area     0x0000000020008156        0x0 load address 0x000000000000d7f2
                0x0000000020008156                _k_heap_list_start = .
 *(SORT_BY_NAME(SORT_BY_ALIGNMENT(._k_heap.static.*)))
                0x0000000020008156                _k_heap_list_end = .

k_mutex_area    0x0000000020008158       0x14 load address 0x000000000000d7f4
                0x0000000020008158                _k_mutex_list_start = .
 *(SORT_BY_NAME(SORT_BY_ALIGNMENT(._k_mutex.static.*)))
 ._k_mutex.static.tfm_mutex_
                0x0000000020008158       0x14 modules/trusted-firmware-m/libtfm_api.a(interface.c.obj)
                0x0000000020008158                tfm_mutex
                0x000000002000816c                _k_mutex_list_end = .

k_stack_area    0x000000002000816c        0x0 load address 0x000000000000d808
                0x000000002000816c                _k_stack_list_start = .
 *(SORT_BY_NAME(SORT_BY_ALIGNMENT(._k_stack.static.*)))
                0x000000002000816c                _k_stack_list_end = .

k_msgq_area     0x000000002000816c        0x0 load address 0x000000000000d808
                0x000000002000816c                _k_msgq_list_start = .
 *(SORT_BY_NAME(SORT_BY_ALIGNMENT(._k_msgq.static.*)))
                0x000000002000816c                _k_msgq_list_end = .

k_mbox_area     0x000000002000816c        0x0 load address 0x000000000000d808
                0x000000002000816c                _k_mbox_list_start = .
 *(SORT_BY_NAME(SORT_BY_ALIGNMENT(._k_mbox.static.*)))
                0x000000002000816c                _k_mbox_list_end = .

k_pipe_area     0x000000002000816c        0x0 load address 0x000000000000d808
                0x000000002000816c                _k_pipe_list_start = .
 *(SORT_BY_NAME(SORT_BY_ALIGNMENT(._k_pipe.static.*)))
                0x000000002000816c                _k_pipe_list_end = .

k_sem_area      0x000000002000816c       0x10 load address 0x000000000000d808
                0x000000002000816c                _k_sem_list_start = .
 *(SORT_BY_NAME(SORT_BY_ALIGNMENT(._k_sem.static.*)))
 ._k_sem.static.instance_monitor_sem_
                0x000000002000816c       0x10 app/libapp.a(main.c.obj)
                0x000000002000816c                instance_monitor_sem
                0x000000002000817c                _k_sem_list_end = .

k_event_area    0x000000002000817c        0x0 load address 0x000000000000d818
                0x000000002000817c                _k_event_list_start = .
 *(SORT_BY_NAME(SORT_BY_ALIGNMENT(._k_event.static.*)))
                0x000000002000817c                _k_event_list_end = .

k_queue_area    0x000000002000817c        0x0 load address 0x000000000000d818
                0x000000002000817c                _k_queue_list_start = .
 *(SORT_BY_NAME(SORT_BY_ALIGNMENT(._k_queue.static.*)))
                0x000000002000817c                _k_queue_list_end = .

k_fifo_area     0x000000002000817c        0x0 load address 0x000000000000d818
                0x000000002000817c                _k_fifo_list_start = .
 *(SORT_BY_NAME(SORT_BY_ALIGNMENT(._k_fifo.static.*)))
                0x000000002000817c                _k_fifo_list_end = .

k_lifo_area     0x000000002000817c        0x0 load address 0x000000000000d818
                0x000000002000817c                _k_lifo_list_start = .
 *(SORT_BY_NAME(SORT_BY_ALIGNMENT(._k_lifo.static.*)))
                0x000000002000817c                _k_lifo_list_end = .

k_condvar_area  0x000000002000817c        0x0 load address 0x000000000000d818
                0x000000002000817c                _k_condvar_list_start = .
 *(SORT_BY_NAME(SORT_BY_ALIGNMENT(._k_condvar.static.*)))
                0x000000002000817c                _k_condvar_list_end = .

sys_mem_blocks_ptr_area
                0x000000002000817c        0x0 load address 0x000000000000d818
                0x000000002000817c                _sys_mem_blocks_ptr_list_start = .
 *(SORT_BY_NAME(SORT_BY_ALIGNMENT(._sys_mem_blocks_ptr.static.*)))
                0x000000002000817c                _sys_mem_blocks_ptr_list_end = .

net_buf_pool_area
                0x000000002000817c        0x0 load address 0x000000000000d818
                0x000000002000817c                _net_buf_pool_list_start = .
 *(SORT_BY_NAME(SORT_BY_ALIGNMENT(._net_buf_pool.static.*)))
                0x000000002000817c                _net_buf_pool_list_end = .
                0x000000002000817c                __data_region_end = .

bss             0x0000000020008180      0x40f
                0x0000000020008180                . = ALIGN (0x4)
                0x0000000020008180                __bss_start = .
                0x0000000020008180                __kernel_ram_start = .
 *(SORT_BY_ALIGNMENT(.bss))
 *(SORT_BY_ALIGNMENT(.bss.*))
 .bss._k_thread_obj_consumer_id
                0x0000000020008180       0x80 app/libapp.a(main.c.obj)
                0x0000000020008180                _k_thread_obj_consumer_id
 .bss._k_thread_obj_producer_id
                0x0000000020008200       0x80 app/libapp.a(main.c.obj)
                0x0000000020008200                _k_thread_obj_producer_id
 .bss.cc_data   0x0000000020008280       0x10 zephyr/drivers/timer/libdrivers__timer.a(nrf_rtc_timer.c.obj)
 .bss.last_count
                0x0000000020008290        0x8 zephyr/drivers/timer/libdrivers__timer.a(nrf_rtc_timer.c.obj)
 .bss.anchor    0x0000000020008298        0x8 zephyr/drivers/timer/libdrivers__timer.a(nrf_rtc_timer.c.obj)
 .bss.z_idle_threads
                0x00000000200082a0       0x80 zephyr/kernel/libkernel.a(init.c.obj)
                0x00000000200082a0                z_idle_threads
 .bss.z_main_thread
                0x0000000020008320       0x80 zephyr/kernel/libkernel.a(init.c.obj)
                0x0000000020008320                z_main_thread
 .bss.slice_timeouts
                0x00000000200083a0       0x18 zephyr/kernel/libkernel.a(sched.c.obj)
 .bss.curr_tick
                0x00000000200083b8        0x8 zephyr/kernel/libkernel.a(timeout.c.obj)
 .bss.z_arm_tls_ptr
                0x00000000200083c0        0x4 zephyr/arch/arch/arm/core/libarch__arm__core.a(tls.c.obj)
                0x00000000200083c0                z_arm_tls_ptr
 .bss.dyn_reg_info
                0x00000000200083c4       0x14 zephyr/arch/arch/arm/core/mpu/libarch__arm__core__mpu.a(arm_mpu.c.obj)
 .bss._stdout_hook
                0x00000000200083d8        0x4 zephyr/lib/libc/picolibc/liblib__libc__picolibc.a(libc-hooks.c.obj)
 .bss.z_malloc_heap
                0x00000000200083dc        0xc zephyr/lib/libc/common/liblib__libc__common.a(malloc.c.obj)
 .bss.timestamps.1
                0x00000000200083e8       0x14 zephyr/soc/soc/arm/nordic_nrf/libsoc__arm__nordic_nrf.a(soc.c.obj)
 .bss.cli.1     0x00000000200083fc       0x10 zephyr/drivers/clock_control/libdrivers__clock_control.a(clock_control_nrf.c.obj)
 .bss.on.2      0x000000002000840c        0x4 zephyr/drivers/clock_control/libdrivers__clock_control.a(clock_control_nrf.c.obj)
 .bss.data      0x0000000020008410       0xa0 zephyr/drivers/clock_control/libdrivers__clock_control.a(clock_control_nrf.c.obj)
 .bss.hfclk_users
                0x00000000200084b0        0x4 zephyr/drivers/clock_control/libdrivers__clock_control.a(clock_control_nrf.c.obj)
 .bss.gpio_nrfx_p1_data
                0x00000000200084b4        0xc zephyr/drivers/gpio/libdrivers__gpio.a(gpio_nrfx.c.obj)
 .bss.gpio_nrfx_p0_data
                0x00000000200084c0        0xc zephyr/drivers/gpio/libdrivers__gpio.a(gpio_nrfx.c.obj)
 .bss.force_isr_mask
                0x00000000200084cc        0x4 zephyr/drivers/timer/libdrivers__timer.a(nrf_rtc_timer.c.obj)
 .bss.int_mask  0x00000000200084d0        0x4 zephyr/drivers/timer/libdrivers__timer.a(nrf_rtc_timer.c.obj)
 .bss.overflow_cnt
                0x00000000200084d4        0x4 zephyr/drivers/timer/libdrivers__timer.a(nrf_rtc_timer.c.obj)
 .bss.g_context
                0x00000000200084d8       0x74 modules/nrf/modules/trusted-firmware-m/lib..__nrf__modules__trusted-firmware-m.a(fault.c.obj)
 .bss.m_clock_cb
                0x000000002000854c        0x8 modules/hal_nordic/nrfx/libmodules__hal_nordic__nrfx.a(nrfx_clock.c.obj)
 .bss._cpus_active
                0x0000000020008554        0x4 zephyr/kernel/libkernel.a(init.c.obj)
                0x0000000020008554                _cpus_active
 .bss._kernel   0x0000000020008558       0x20 zephyr/kernel/libkernel.a(init.c.obj)
                0x0000000020008558                _kernel
 .bss.pending_current
                0x0000000020008578        0x4 zephyr/kernel/libkernel.a(sched.c.obj)
 .bss.slice_max_prio
                0x000000002000857c        0x4 zephyr/kernel/libkernel.a(sched.c.obj)
 .bss.slice_ticks
                0x0000000020008580        0x4 zephyr/kernel/libkernel.a(sched.c.obj)
 .bss.announce_remaining
                0x0000000020008584        0x4 zephyr/kernel/libkernel.a(timeout.c.obj)
 .bss.static_regions_num
                0x0000000020008588        0x1 zephyr/arch/arch/arm/core/mpu/libarch__arm__core__mpu.a(arm_mpu.c.obj)
 .bss.timestamps_filled.2
                0x0000000020008589        0x1 zephyr/soc/soc/arm/nordic_nrf/libsoc__arm__nordic_nrf.a(soc.c.obj)
 .bss.current.3
                0x000000002000858a        0x1 zephyr/soc/soc/arm/nordic_nrf/libsoc__arm__nordic_nrf.a(soc.c.obj)
 .bss.uarte0_rx_data
                0x000000002000858b        0x1 zephyr/drivers/serial/libdrivers__serial.a(uart_nrfx_uarte.c.obj)
 .bss.uarte0_char_out
                0x000000002000858c        0x1 zephyr/drivers/serial/libdrivers__serial.a(uart_nrfx_uarte.c.obj)
 .bss.z_sys_post_kernel
                0x000000002000858d        0x1 zephyr/kernel/libkernel.a(init.c.obj)
                0x000000002000858d                z_sys_post_kernel
 .bss.lock      0x000000002000858e        0x0 zephyr/kernel/libkernel.a(mutex.c.obj)
 .bss.lock      0x000000002000858e        0x0 zephyr/kernel/libkernel.a(sem.c.obj)
 .bss.slice_expired
                0x000000002000858e        0x1 zephyr/kernel/libkernel.a(sched.c.obj)
 .bss.sched_spinlock
                0x000000002000858f        0x0 zephyr/kernel/libkernel.a(sched.c.obj)
                0x000000002000858f                sched_spinlock
 *(SORT_BY_ALIGNMENT(COMMON))
 *(SORT_BY_ALIGNMENT(.kernel_bss.*))
                0x0000000020008590                __bss_end = ALIGN (0x4)

noinit          0x0000000020008590     0x1140
 *(SORT_BY_ALIGNMENT(.noinit))
 *(SORT_BY_ALIGNMENT(.noinit.*))
 .noinit."CMAKE_SOURCE_DIR/src/main.c".1
                0x0000000020008590      0x200 app/libapp.a(main.c.obj)
                0x0000000020008590                _k_thread_stack_consumer_id
 .noinit."CMAKE_SOURCE_DIR/src/main.c".0
                0x0000000020008790      0x200 app/libapp.a(main.c.obj)
                0x0000000020008790                _k_thread_stack_producer_id
 .noinit."WEST_TOPDIR/zephyr/kernel/init.c".2
                0x0000000020008990      0x800 zephyr/kernel/libkernel.a(init.c.obj)
                0x0000000020008990                z_interrupt_stacks
 .noinit."WEST_TOPDIR/zephyr/kernel/init.c".1
                0x0000000020009190      0x140 zephyr/kernel/libkernel.a(init.c.obj)
 .noinit."WEST_TOPDIR/zephyr/kernel/init.c".0
                0x00000000200092d0      0x400 zephyr/kernel/libkernel.a(init.c.obj)
                0x00000000200092d0                z_main_stack
 *(SORT_BY_ALIGNMENT(.kernel_noinit.*))
                0x0000000020070000                __kernel_ram_end = 0x20070000
                0x0000000000067e80                __kernel_ram_size = (__kernel_ram_end - __kernel_ram_start)

.intList        0x00000000ffff8000       0x48
 *(SORT_BY_ALIGNMENT(.irq_info*))
 .irq_info      0x00000000ffff8000        0x8 zephyr/arch/common/libisr_tables.a(isr_tables.c.obj)
                0x00000000ffff8000                _iheader
 *(SORT_BY_ALIGNMENT(.intList*))
 .intList       0x00000000ffff8008       0x10 zephyr/drivers/clock_control/libdrivers__clock_control.a(clock_control_nrf.c.obj)
 .intList       0x00000000ffff8018       0x10 zephyr/drivers/gpio/libdrivers__gpio.a(gpio_nrfx.c.obj)
 .intList       0x00000000ffff8028       0x10 zephyr/drivers/serial/libdrivers__serial.a(uart_nrfx_uarte.c.obj)
 .intList       0x00000000ffff8038       0x10 zephyr/drivers/timer/libdrivers__timer.a(nrf_rtc_timer.c.obj)

.last_ram_section
                0x00000000200096d0        0x0
                0x00000000200096d0                _image_ram_end = .
                0x00000000000016d0                _image_ram_size = (_image_ram_end - _image_ram_start)
                0x00000000200096d0                _end = .
                0x00000000200096d0                z_mapped_end = .

.stab
 *(SORT_BY_ALIGNMENT(.stab))

.stabstr
 *(SORT_BY_ALIGNMENT(.stabstr))

.stab.excl
 *(SORT_BY_ALIGNMENT(.stab.excl))

.stab.exclstr
 *(SORT_BY_ALIGNMENT(.stab.exclstr))

.stab.index
 *(SORT_BY_ALIGNMENT(.stab.index))

.stab.indexstr
 *(SORT_BY_ALIGNMENT(.stab.indexstr))

.gnu.build.attributes
 *(SORT_BY_ALIGNMENT(.gnu.build.attributes) SORT_BY_ALIGNMENT(.gnu.build.attributes.*))

.comment        0x0000000000000000       0x20
 *(SORT_BY_ALIGNMENT(.comment))
 .comment       0x0000000000000000       0x20 zephyr/CMakeFiles/offsets.dir/./arch/arm/core/offsets/offsets.c.obj
                                         0x21 (size before relaxing)
 .comment       0x0000000000000020       0x21 app/libapp.a(main.c.obj)
 .comment       0x0000000000000020       0x21 zephyr/libzephyr.a(printk.c.obj)
 .comment       0x0000000000000020       0x21 zephyr/libzephyr.a(thread_entry.c.obj)
 .comment       0x0000000000000020       0x21 zephyr/libzephyr.a(heap.c.obj)
 .comment       0x0000000000000020       0x21 zephyr/libzephyr.a(onoff.c.obj)
 .comment       0x0000000000000020       0x21 zephyr/libzephyr.a(notify.c.obj)
 .comment       0x0000000000000020       0x21 zephyr/libzephyr.a(configs.c.obj)
 .comment       0x0000000000000020       0x21 zephyr/libzephyr.a(mem_attr.c.obj)
 .comment       0x0000000000000020       0x21 zephyr/arch/arch/arm/core/libarch__arm__core.a(fatal.c.obj)
 .comment       0x0000000000000020       0x21 zephyr/arch/arch/arm/core/libarch__arm__core.a(nmi.c.obj)
 .comment       0x0000000000000020       0x21 zephyr/arch/arch/arm/core/libarch__arm__core.a(tls.c.obj)
 .comment       0x0000000000000020       0x21 zephyr/arch/arch/arm/core/cortex_m/libarch__arm__core__cortex_m.a(fault.c.obj)
 .comment       0x0000000000000020       0x21 zephyr/arch/arch/arm/core/cortex_m/libarch__arm__core__cortex_m.a(fpu.c.obj)
 .comment       0x0000000000000020       0x21 zephyr/arch/arch/arm/core/cortex_m/libarch__arm__core__cortex_m.a(scb.c.obj)
 .comment       0x0000000000000020       0x21 zephyr/arch/arch/arm/core/cortex_m/libarch__arm__core__cortex_m.a(thread_abort.c.obj)
 .comment       0x0000000000000020       0x21 zephyr/arch/arch/arm/core/cortex_m/libarch__arm__core__cortex_m.a(swap.c.obj)
 .comment       0x0000000000000020       0x21 zephyr/arch/arch/arm/core/cortex_m/libarch__arm__core__cortex_m.a(irq_manage.c.obj)
 .comment       0x0000000000000020       0x21 zephyr/arch/arch/arm/core/cortex_m/libarch__arm__core__cortex_m.a(prep_c.c.obj)
 .comment       0x0000000000000020       0x21 zephyr/arch/arch/arm/core/cortex_m/libarch__arm__core__cortex_m.a(thread.c.obj)
 .comment       0x0000000000000020       0x21 zephyr/arch/arch/arm/core/cortex_m/libarch__arm__core__cortex_m.a(irq_init.c.obj)
 .comment       0x0000000000000020       0x21 zephyr/arch/arch/arm/core/cortex_m/cmse/libarch__arm__core__cortex_m__cmse.a(arm_core_cmse.c.obj)
 .comment       0x0000000000000020       0x21 zephyr/arch/arch/arm/core/mpu/libarch__arm__core__mpu.a(arm_core_mpu.c.obj)
 .comment       0x0000000000000020       0x21 zephyr/arch/arch/arm/core/mpu/libarch__arm__core__mpu.a(arm_mpu.c.obj)
 .comment       0x0000000000000020       0x21 zephyr/arch/arch/arm/core/mpu/libarch__arm__core__mpu.a(arm_mpu_regions.c.obj)
 .comment       0x0000000000000020       0x21 zephyr/lib/libc/picolibc/liblib__libc__picolibc.a(libc-hooks.c.obj)
 .comment       0x0000000000000020       0x21 zephyr/lib/libc/common/liblib__libc__common.a(malloc.c.obj)
 .comment       0x0000000000000020       0x21 zephyr/soc/soc/arm/nordic_nrf/libsoc__arm__nordic_nrf.a(soc.c.obj)
 .comment       0x0000000000000020       0x21 zephyr/subsys/random/libsubsys__random.a(rand32_entropy_device.c.obj)
 .comment       0x0000000000000020       0x21 zephyr/drivers/clock_control/libdrivers__clock_control.a(clock_control_nrf.c.obj)
 .comment       0x0000000000000020       0x21 zephyr/drivers/console/libdrivers__console.a(uart_console.c.obj)
 .comment       0x0000000000000020       0x21 zephyr/drivers/entropy/libdrivers__entropy.a(entropy_psa_crypto.c.obj)
 .comment       0x0000000000000020       0x21 zephyr/drivers/gpio/libdrivers__gpio.a(gpio_nrfx.c.obj)
 .comment       0x0000000000000020       0x21 zephyr/drivers/pinctrl/libdrivers__pinctrl.a(common.c.obj)
 .comment       0x0000000000000020       0x21 zephyr/drivers/pinctrl/libdrivers__pinctrl.a(pinctrl_nrf.c.obj)
 .comment       0x0000000000000020       0x21 zephyr/drivers/serial/libdrivers__serial.a(uart_nrfx_uarte.c.obj)
 .comment       0x0000000000000020       0x21 zephyr/drivers/timer/libdrivers__timer.a(nrf_rtc_timer.c.obj)
 .comment       0x0000000000000020       0x21 modules/nrf/lib/fatal_error/lib..__nrf__lib__fatal_error.a(fatal_error.c.obj)
 .comment       0x0000000000000020       0x21 modules/nrf/modules/trusted-firmware-m/lib..__nrf__modules__trusted-firmware-m.a(fault.c.obj)
 .comment       0x0000000000000020       0x21 modules/nrf/modules/trusted-firmware-m/libtfm_api_nrf.a(tfm_ioctl_ns_api.c.obj)
 .comment       0x0000000000000020       0x21 modules/trusted-firmware-m/libtfm_api.a(interface.c.obj)
 .comment       0x0000000000000020       0x21 modules/trusted-firmware-m/libtfm_api.a(tfm_platform_api.c.obj)
 .comment       0x0000000000000020       0x21 modules/trusted-firmware-m/libtfm_api.a(tfm_crypto_api.c.obj)
 .comment       0x0000000000000020       0x21 modules/trusted-firmware-m/libtfm_api.a(tfm_tz_psa_ns_api.c.obj)